Archive member included to satisfy reference by file (symbol)

app/libapp.a(main.c.obj)      (--whole-archive)
zephyr/libzephyr.a(cbprintf_packaged.c.obj)
                              (--whole-archive)
zephyr/libzephyr.a(dec.c.obj)
                              (--whole-archive)
zephyr/libzephyr.a(fdtable.c.obj)
                              (--whole-archive)
zephyr/libzephyr.a(hex.c.obj)
                              (--whole-archive)
zephyr/libzephyr.a(printk.c.obj)
                              (--whole-archive)
zephyr/libzephyr.a(rb.c.obj)  (--whole-archive)
zephyr/libzephyr.a(sem.c.obj)
                              (--whole-archive)
zephyr/libzephyr.a(thread_entry.c.obj)
                              (--whole-archive)
zephyr/libzephyr.a(timeutil.c.obj)
                              (--whole-archive)
zephyr/libzephyr.a(heap.c.obj)
                              (--whole-archive)
zephyr/libzephyr.a(heap-validate.c.obj)
                              (--whole-archive)
zephyr/libzephyr.a(bitarray.c.obj)
                              (--whole-archive)
zephyr/libzephyr.a(multi_heap.c.obj)
                              (--whole-archive)
zephyr/libzephyr.a(onoff.c.obj)
                              (--whole-archive)
zephyr/libzephyr.a(notify.c.obj)
                              (--whole-archive)
zephyr/libzephyr.a(crc32c_sw.c.obj)
                              (--whole-archive)
zephyr/libzephyr.a(crc32_sw.c.obj)
                              (--whole-archive)
zephyr/libzephyr.a(crc16_sw.c.obj)
                              (--whole-archive)
zephyr/libzephyr.a(crc8_sw.c.obj)
                              (--whole-archive)
zephyr/libzephyr.a(crc7_sw.c.obj)
                              (--whole-archive)
zephyr/libzephyr.a(cbprintf_complete.c.obj)
                              (--whole-archive)
zephyr/libzephyr.a(cbprintf.c.obj)
                              (--whole-archive)
zephyr/libzephyr.a(assert.c.obj)
                              (--whole-archive)
zephyr/libzephyr.a(mpsc_pbuf.c.obj)
                              (--whole-archive)
zephyr/libzephyr.a(reboot.c.obj)
                              (--whole-archive)
zephyr/libzephyr.a(configs.c.obj)
                              (--whole-archive)
zephyr/libzephyr.a(soc_nrf_common.S.obj)
                              (--whole-archive)
zephyr/libzephyr.a(validate_base_addresses.c.obj)
                              (--whole-archive)
zephyr/libzephyr.a(validate_enabled_instances.c.obj)
                              (--whole-archive)
zephyr/libzephyr.a(log_core.c.obj)
                              (--whole-archive)
zephyr/libzephyr.a(log_mgmt.c.obj)
                              (--whole-archive)
zephyr/libzephyr.a(log_cache.c.obj)
                              (--whole-archive)
zephyr/libzephyr.a(log_msg.c.obj)
                              (--whole-archive)
zephyr/libzephyr.a(log_output.c.obj)
                              (--whole-archive)
zephyr/libzephyr.a(log_backend_rtt.c.obj)
                              (--whole-archive)
zephyr/libzephyr.a(log_backend_uart.c.obj)
                              (--whole-archive)
zephyr/libzephyr.a(pm.c.obj)  (--whole-archive)
zephyr/libzephyr.a(policy.c.obj)
                              (--whole-archive)
zephyr/libzephyr.a(state.c.obj)
                              (--whole-archive)
zephyr/libzephyr.a(tracing_none.c.obj)
                              (--whole-archive)
zephyr/arch/common/libarch__common.a(sw_isr_common.c.obj)
                              (--whole-archive)
zephyr/arch/arch/arm/core/aarch32/libarch__arm__core__aarch32.a(cpu_idle.S.obj)
                              (--whole-archive)
zephyr/arch/arch/arm/core/aarch32/libarch__arm__core__aarch32.a(fatal.c.obj)
                              (--whole-archive)
zephyr/arch/arch/arm/core/aarch32/libarch__arm__core__aarch32.a(irq_manage.c.obj)
                              (--whole-archive)
zephyr/arch/arch/arm/core/aarch32/libarch__arm__core__aarch32.a(nmi.c.obj)
                              (--whole-archive)
zephyr/arch/arch/arm/core/aarch32/libarch__arm__core__aarch32.a(nmi_on_reset.S.obj)
                              (--whole-archive)
zephyr/arch/arch/arm/core/aarch32/libarch__arm__core__aarch32.a(prep_c.c.obj)
                              (--whole-archive)
zephyr/arch/arch/arm/core/aarch32/libarch__arm__core__aarch32.a(swap.c.obj)
                              (--whole-archive)
zephyr/arch/arch/arm/core/aarch32/libarch__arm__core__aarch32.a(swap_helper.S.obj)
                              (--whole-archive)
zephyr/arch/arch/arm/core/aarch32/libarch__arm__core__aarch32.a(thread.c.obj)
                              (--whole-archive)
zephyr/arch/arch/arm/core/aarch32/libarch__arm__core__aarch32.a(isr_wrapper.S.obj)
                              (--whole-archive)
zephyr/arch/arch/arm/core/aarch32/cortex_m/libarch__arm__core__aarch32__cortex_m.a(exc_exit.S.obj)
                              (--whole-archive)
[...]
Memory Configuration

Name             Origin             Length             Attributes
FLASH            0x0000000000000000 0x0000000000080000 xr
RAM              0x0000000020000000 0x0000000000010000 xw
IDT_LIST         0x00000000fffff7ff 0x0000000000000800 xw
*default*        0x0000000000000000 0xffffffffffffffff

Linker script and memory map

LOAD zephyr/CMakeFiles/zephyr_pre0.dir/misc/empty_file.c.obj
                0x0000000000000020                _region_min_align = 0x20

.rel.plt        0x0000000000000000        0x0
 *(SORT_BY_ALIGNMENT(.rel.plt))
                [!provide]                        PROVIDE (__rel_iplt_start = .)
 *(SORT_BY_ALIGNMENT(.rel.iplt))
 .rel.iplt      0x0000000000000000        0x0 app/libapp.a(main.c.obj)
                [!provide]                        PROVIDE (__rel_iplt_end = .)

.rela.plt       0x0000000000000000        0x0
 *(SORT_BY_ALIGNMENT(.rela.plt))
                [!provide]                        PROVIDE (__rela_iplt_start = .)
 *(SORT_BY_ALIGNMENT(.rela.iplt))
                [!provide]                        PROVIDE (__rela_iplt_end = .)

.rel.dyn
 *(SORT_BY_ALIGNMENT(.rel.*))

.rela.dyn
 *(SORT_BY_ALIGNMENT(.rela.*))

/DISCARD/
 *(SORT_BY_ALIGNMENT(.plt))

/DISCARD/
 *(SORT_BY_ALIGNMENT(.iplt))
                0x0000000000000000                __rom_region_start = 0x0

rom_start       0x0000000000000000       0xdc
                0x0000000000000000                . = 0x0
                0x0000000000000000                . = ALIGN (0x4)
                0x0000000000000000                . = ALIGN (0x80)
                0x0000000000000000                . = ALIGN (0x100)
                0x0000000000000000                _vector_start = .
 *(SORT_BY_ALIGNMENT(.exc_vector_table))
 *(SORT_BY_ALIGNMENT(.exc_vector_table.*))
 .exc_vector_table._vector_table_section
                0x0000000000000000       0x40 zephyr/arch/arch/arm/core/aarch32/cortex_m/libarch__arm__core__aarch32__cortex_m.a(vector_table.S.obj)
                0x0000000000000000                _vector_table
 *(SORT_BY_ALIGNMENT(.vectors))
                0x00000000000000dc                _vector_end = .
                0x0000000000000040                . = ALIGN (0x4)
 *(SORT_BY_ALIGNMENT(.gnu.linkonce.irq_vector_table*))
 .gnu.linkonce.irq_vector_table
                0x0000000000000040       0x9c zephyr/arch/common/libisr_tables.a(isr_tables.c.obj)
                0x0000000000000040                _irq_vector_table
                0x00000000000000dc                _vector_end = .

text            0x00000000000000dc     0x6dd4
                0x00000000000000dc                __text_region_start = .
 *(SORT_BY_ALIGNMENT(.text))
 .text          0x00000000000000dc       0x30 c:/ncs/toolchains/31f4403e35/opt/zephyr-sdk/arm-zephyr-eabi/bin/../lib/gcc/arm-zephyr-eabi/12.2.0/thumb/v7e-m/nofp\libgcc.a(_aeabi_uldivmod.o)
                0x00000000000000dc                __aeabi_uldivmod
 .text          0x000000000000010c        0x4 c:/ncs/toolchains/31f4403e35/opt/zephyr-sdk/arm-zephyr-eabi/bin/../lib/gcc/arm-zephyr-eabi/12.2.0/thumb/v7e-m/nofp\libgcc.a(_dvmd_tls.o)
                0x000000000000010c                __aeabi_idiv0
                0x000000000000010c                __aeabi_ldiv0
 .text          0x0000000000000110      0x2a0 c:/ncs/toolchains/31f4403e35/opt/zephyr-sdk/arm-zephyr-eabi/bin/../lib/gcc/arm-zephyr-eabi/12.2.0/thumb/v7e-m/nofp\libgcc.a(_udivmoddi4.o)
                0x0000000000000110                __udivmoddi4
 *(SORT_BY_ALIGNMENT(.text.*))
 .text.button_pressed
                0x00000000000003b0       0x74 app/libapp.a(main.c.obj)
                0x00000000000003b0                button_pressed
 .text.main     0x0000000000000424      0x188 app/libapp.a(main.c.obj)
                0x0000000000000424                main
 .text.cbvprintf_package
                0x00000000000005ac      0x3ac zephyr/libzephyr.a(cbprintf_packaged.c.obj)
                0x00000000000005ac                cbvprintf_package
 .text.cbprintf_package_convert
                0x0000000000000958      0x3bc zephyr/libzephyr.a(cbprintf_packaged.c.obj)
                0x0000000000000958                cbprintf_package_convert
 .text.__printk_hook_install
                0x0000000000000d14        0xc zephyr/libzephyr.a(printk.c.obj)
                0x0000000000000d14                __printk_hook_install
 .text.vsnprintk
                0x0000000000000d20       0x2c zephyr/libzephyr.a(printk.c.obj)
                0x0000000000000d20                vsnprintk
 .text.process_event
                0x0000000000000d4c      0x21c zephyr/libzephyr.a(onoff.c.obj)
 .text.z_cbvprintf_impl
                0x0000000000000f68      0x764 zephyr/libzephyr.a(cbprintf_complete.c.obj)
                0x0000000000000f68                z_cbvprintf_impl
 .text.z_arm_platform_init
                0x00000000000016cc        0x4 zephyr/libzephyr.a(soc_nrf_common.S.obj)
                0x00000000000016cc                z_arm_platform_init
 .text.activate_foreach_backend
                0x00000000000016d0       0x64 zephyr/libzephyr.a(log_core.c.obj)
 .text.enable_logger
                0x0000000000001734       0x5c zephyr/libzephyr.a(log_core.c.obj)
 .text.log_process_thread_timer_expiry_fn
                0x0000000000001790        0xc zephyr/libzephyr.a(log_core.c.obj)
 .text.z_log_init
                0x000000000000179c       0x90 zephyr/libzephyr.a(log_core.c.obj)
 .text.log_format_func_t_get
                0x000000000000182c        0xc zephyr/libzephyr.a(log_core.c.obj)
                0x000000000000182c                log_format_func_t_get
 .text.log_set_timestamp_func
                0x0000000000001838       0x20 zephyr/libzephyr.a(log_core.c.obj)
                0x0000000000001838                log_set_timestamp_func
 .text.z_log_notify_backend_enabled
                0x0000000000001858       0x1c zephyr/libzephyr.a(log_core.c.obj)
                0x0000000000001858                z_log_notify_backend_enabled
 .text.z_log_dropped
                0x0000000000001874       0x30 zephyr/libzephyr.a(log_core.c.obj)
                0x0000000000001874                z_log_dropped
 .text.z_log_dropped_read_and_clear
                0x00000000000018a4       0x20 zephyr/libzephyr.a(log_core.c.obj)
                0x00000000000018a4                z_log_dropped_read_and_clear
 .text.dropped_notify
                0x00000000000018c4       0x30 zephyr/libzephyr.a(log_core.c.obj)
                0x00000000000018c4                dropped_notify
 .text.z_log_msg_init
                0x00000000000018f4       0x20 zephyr/libzephyr.a(log_core.c.obj)
                0x00000000000018f4                z_log_msg_init
 .text.log_core_init
                0x0000000000001914       0x34 zephyr/libzephyr.a(log_core.c.obj)
                0x0000000000001914                log_core_init
 .text.z_log_msg_alloc
                0x0000000000001948       0x10 zephyr/libzephyr.a(log_core.c.obj)
                0x0000000000001948                z_log_msg_alloc
 .text.z_log_msg_local_claim
                0x0000000000001958        0xc zephyr/libzephyr.a(log_core.c.obj)
                0x0000000000001958                z_log_msg_local_claim
 .text.z_log_msg_free
                0x0000000000001964       0x10 zephyr/libzephyr.a(log_core.c.obj)
                0x0000000000001964                z_log_msg_free
 .text.z_log_msg_pending
                0x0000000000001974        0xc zephyr/libzephyr.a(log_core.c.obj)
                0x0000000000001974                z_log_msg_pending
 .text.z_impl_log_process
                0x0000000000001980       0xbc zephyr/libzephyr.a(log_core.c.obj)
                0x0000000000001980                z_impl_log_process
 .text.z_impl_log_panic
                0x0000000000001a3c       0x44 zephyr/libzephyr.a(log_core.c.obj)
                0x0000000000001a3c                z_impl_log_panic
 .text.log_process_thread_func
                0x0000000000001a80       0x9c zephyr/libzephyr.a(log_core.c.obj)
 .text.z_log_msg_post_finalize
                0x0000000000001b1c       0x78 zephyr/libzephyr.a(log_core.c.obj)
 .text.z_log_msg_commit
                0x0000000000001b94       0x24 zephyr/libzephyr.a(log_core.c.obj)
                0x0000000000001b94                z_log_msg_commit
 .text.log_source_name_get
                0x0000000000001bb8       0x1c zephyr/libzephyr.a(log_mgmt.c.obj)
                0x0000000000001bb8                log_source_name_get
 .text.log_backend_enable
                0x0000000000001bd4       0x28 zephyr/libzephyr.a(log_mgmt.c.obj)
                0x0000000000001bd4                log_backend_enable
 .text.z_impl_z_log_msg_static_create
                0x0000000000001bfc      0x108 zephyr/libzephyr.a(log_msg.c.obj)
                0x0000000000001bfc                z_impl_z_log_msg_static_create
 .text.z_impl_z_log_msg_runtime_vcreate
                0x0000000000001d04       0x8c zephyr/libzephyr.a(log_msg.c.obj)
                0x0000000000001d04                z_impl_z_log_msg_runtime_vcreate
 .text.print_formatted
                0x0000000000001d90       0x24 zephyr/libzephyr.a(log_output.c.obj)
 .text.newline_print
                0x0000000000001db4       0x1c zephyr/libzephyr.a(log_output.c.obj)
 .text.log_output_process
                0x0000000000001dd0      0x2a4 zephyr/libzephyr.a(log_output.c.obj)
                0x0000000000001dd0                log_output_process
 .text.log_output_msg_process
                0x0000000000002074       0x6c zephyr/libzephyr.a(log_output.c.obj)
                0x0000000000002074                log_output_msg_process
 .text.log_output_dropped_process
                0x00000000000020e0       0x58 zephyr/libzephyr.a(log_output.c.obj)
                0x00000000000020e0                log_output_dropped_process
 .text.log_output_timestamp_freq_set
                0x0000000000002138       0x2c zephyr/libzephyr.a(log_output.c.obj)
                0x0000000000002138                log_output_timestamp_freq_set
 .text.log_backend_rtt_init
                0x0000000000002164        0xc zephyr/libzephyr.a(log_backend_rtt.c.obj)
 .text.format_set
                0x0000000000002170        0xc zephyr/libzephyr.a(log_backend_rtt.c.obj)
 .text.panic    0x000000000000217c       0x14 zephyr/libzephyr.a(log_backend_rtt.c.obj)
 .text.dropped  0x0000000000002190        0xc zephyr/libzephyr.a(log_backend_rtt.c.obj)
 .text.process  0x000000000000219c       0x24 zephyr/libzephyr.a(log_backend_rtt.c.obj)
 .text.on_failed_write
                0x00000000000021c0       0x28 zephyr/libzephyr.a(log_backend_rtt.c.obj)
 .text.data_out_block_mode
                0x00000000000021e8       0x84 zephyr/libzephyr.a(log_backend_rtt.c.obj)
 .text.format_set
                0x000000000000226c        0xc zephyr/libzephyr.a(log_backend_uart.c.obj)
 .text.panic    0x0000000000002278       0x14 zephyr/libzephyr.a(log_backend_uart.c.obj)
 .text.dropped  0x000000000000228c        0xc zephyr/libzephyr.a(log_backend_uart.c.obj)
 .text.process  0x0000000000002298       0x24 zephyr/libzephyr.a(log_backend_uart.c.obj)
 .text.char_out
                0x00000000000022bc       0x24 zephyr/libzephyr.a(log_backend_uart.c.obj)
 .text.pm_state_notify
                0x00000000000022e0       0x5c zephyr/libzephyr.a(pm.c.obj)
 .text.pm_system_resume
                0x000000000000233c       0x78 zephyr/libzephyr.a(pm.c.obj)
                0x000000000000233c                pm_system_resume
 .text.pm_system_suspend
                0x00000000000023b4       0xf8 zephyr/libzephyr.a(pm.c.obj)
                0x00000000000023b4                pm_system_suspend
 .text.pm_policy_next_state
                0x00000000000024ac       0x94 zephyr/libzephyr.a(policy.c.obj)
                0x00000000000024ac                pm_policy_next_state
 .text.pm_state_cpu_get_all
                0x0000000000002540       0x10 zephyr/libzephyr.a(state.c.obj)
                0x0000000000002540                pm_state_cpu_get_all
 .text.z_arm_cpu_idle_init
                0x0000000000002550        0xc zephyr/arch/arch/arm/core/aarch32/libarch__arm__core__aarch32.a(cpu_idle.S.obj)
                0x0000000000002550                z_arm_cpu_idle_init
 .text.arch_cpu_idle
                0x000000000000255c       0x1c zephyr/arch/arch/arm/core/aarch32/libarch__arm__core__aarch32.a(cpu_idle.S.obj)
                0x000000000000255c                arch_cpu_idle
 .text.arch_cpu_atomic_idle
                0x0000000000002578       0x18 zephyr/arch/arch/arm/core/aarch32/libarch__arm__core__aarch32.a(cpu_idle.S.obj)
                0x0000000000002578                arch_cpu_atomic_idle
 .text.z_arm_fatal_error
                0x0000000000002590       0xcc zephyr/arch/arch/arm/core/aarch32/libarch__arm__core__aarch32.a(fatal.c.obj)
                0x0000000000002590                z_arm_fatal_error
 .text.arch_irq_enable
                0x000000000000265c       0x1c zephyr/arch/arch/arm/core/aarch32/libarch__arm__core__aarch32.a(irq_manage.c.obj)
                0x000000000000265c                arch_irq_enable
 .text.arch_irq_is_enabled
                0x0000000000002678       0x1c zephyr/arch/arch/arm/core/aarch32/libarch__arm__core__aarch32.a(irq_manage.c.obj)
                0x0000000000002678                arch_irq_is_enabled
 .text.z_arm_irq_priority_set
                0x0000000000002694       0x30 zephyr/arch/arch/arm/core/aarch32/libarch__arm__core__aarch32.a(irq_manage.c.obj)
                0x0000000000002694                z_arm_irq_priority_set
 .text.z_SysNmiOnReset
                0x00000000000026c4        0x8 zephyr/arch/arch/arm/core/aarch32/libarch__arm__core__aarch32.a(nmi_on_reset.S.obj)
                0x00000000000026c4                z_SysNmiOnReset
 .text.z_arm_prep_c
                0x00000000000026cc       0x38 zephyr/arch/arch/arm/core/aarch32/libarch__arm__core__aarch32.a(prep_c.c.obj)
                0x00000000000026cc                z_arm_prep_c
 .text.arch_swap
                0x0000000000002704       0x34 zephyr/arch/arch/arm/core/aarch32/libarch__arm__core__aarch32.a(swap.c.obj)
                0x0000000000002704                arch_swap
 .text.z_arm_pendsv
                0x0000000000002738       0x54 zephyr/arch/arch/arm/core/aarch32/libarch__arm__core__aarch32.a(swap_helper.S.obj)
                0x0000000000002738                z_arm_pendsv
 .text.z_arm_svc
                0x000000000000278c       0x20 zephyr/arch/arch/arm/core/aarch32/libarch__arm__core__aarch32.a(swap_helper.S.obj)
                0x000000000000278c                z_arm_svc
 .text.arch_new_thread
                0x00000000000027ac       0x38 zephyr/arch/arch/arm/core/aarch32/libarch__arm__core__aarch32.a(thread.c.obj)
                0x00000000000027ac                arch_new_thread
 .text.z_check_thread_stack_fail
                0x00000000000027e4       0x2c zephyr/arch/arch/arm/core/aarch32/libarch__arm__core__aarch32.a(thread.c.obj)
                0x00000000000027e4                z_check_thread_stack_fail
 .text.arch_switch_to_main_thread
                0x0000000000002810       0x2c zephyr/arch/arch/arm/core/aarch32/libarch__arm__core__aarch32.a(thread.c.obj)
                0x0000000000002810                arch_switch_to_main_thread
 .text._isr_wrapper
                0x000000000000283c       0x40 zephyr/arch/arch/arm/core/aarch32/libarch__arm__core__aarch32.a(isr_wrapper.S.obj)
                0x000000000000283c                _isr_wrapper
 .text._HandlerModeExit
                0x000000000000287c       0x1c zephyr/arch/arch/arm/core/aarch32/cortex_m/libarch__arm__core__aarch32__cortex_m.a(exc_exit.S.obj)
                0x000000000000287c                z_arm_int_exit
                0x000000000000287c                z_arm_exc_exit
 .text.bus_fault.constprop.0
                0x0000000000002898      0x154 zephyr/arch/arch/arm/core/aarch32/cortex_m/libarch__arm__core__aarch32__cortex_m.a(fault.c.obj)
 .text.usage_fault.constprop.0
                0x00000000000029ec      0x104 zephyr/arch/arch/arm/core/aarch32/cortex_m/libarch__arm__core__aarch32__cortex_m.a(fault.c.obj)
 .text.mem_manage_fault
                0x0000000000002af0      0x178 zephyr/arch/arch/arm/core/aarch32/cortex_m/libarch__arm__core__aarch32__cortex_m.a(fault.c.obj)
 .text.z_arm_fault
                0x0000000000002c68      0x218 zephyr/arch/arch/arm/core/aarch32/cortex_m/libarch__arm__core__aarch32__cortex_m.a(fault.c.obj)
                0x0000000000002c68                z_arm_fault
 .text.z_arm_fault_init
                0x0000000000002e80       0x10 zephyr/arch/arch/arm/core/aarch32/cortex_m/libarch__arm__core__aarch32__cortex_m.a(fault.c.obj)
                0x0000000000002e80                z_arm_fault_init
 .text.__fault  0x0000000000002e90       0x14 zephyr/arch/arch/arm/core/aarch32/cortex_m/libarch__arm__core__aarch32__cortex_m.a(fault_s.S.obj)
                0x0000000000002e90                z_arm_usage_fault
                0x0000000000002e90                z_arm_mpu_fault
                0x0000000000002e90                z_arm_exc_spurious
                0x0000000000002e90                z_arm_debug_monitor
                0x0000000000002e90                z_arm_hard_fault
                0x0000000000002e90                z_arm_bus_fault
 .text.z_arm_interrupt_init
                0x0000000000002ea4       0x18 zephyr/arch/arch/arm/core/aarch32/cortex_m/libarch__arm__core__aarch32__cortex_m.a(irq_init.c.obj)
                0x0000000000002ea4                z_arm_interrupt_init
 .text._reset_section
                0x0000000000002ebc       0x54 zephyr/arch/arch/arm/core/aarch32/cortex_m/libarch__arm__core__aarch32__cortex_m.a(reset.S.obj)
                0x0000000000002ebc                __start
                0x0000000000002ebc                z_arm_reset
 .text.z_arm_clear_arm_mpu_config
                0x0000000000002f10       0x24 zephyr/arch/arch/arm/core/aarch32/cortex_m/libarch__arm__core__aarch32__cortex_m.a(scb.c.obj)
                0x0000000000002f10                z_arm_clear_arm_mpu_config
 .text.z_arm_init_arch_hw_at_boot
                0x0000000000002f34       0x64 zephyr/arch/arch/arm/core/aarch32/cortex_m/libarch__arm__core__aarch32__cortex_m.a(scb.c.obj)
                0x0000000000002f34                z_arm_init_arch_hw_at_boot
 .text.z_impl_k_thread_abort
                0x0000000000002f98       0x2c zephyr/arch/arch/arm/core/aarch32/cortex_m/libarch__arm__core__aarch32__cortex_m.a(thread_abort.c.obj)
                0x0000000000002f98                z_impl_k_thread_abort
 .text.z_arm_configure_static_mpu_regions
                0x0000000000002fc4       0x18 zephyr/arch/arch/arm/core/aarch32/mpu/libarch__arm__core__aarch32__mpu.a(arm_core_mpu.c.obj)
                0x0000000000002fc4                z_arm_configure_static_mpu_regions
 .text.z_arm_configure_dynamic_mpu_regions
                0x0000000000002fdc       0x20 zephyr/arch/arch/arm/core/aarch32/mpu/libarch__arm__core__aarch32__mpu.a(arm_core_mpu.c.obj)
                0x0000000000002fdc                z_arm_configure_dynamic_mpu_regions
 .text.mpu_configure_regions
                0x0000000000002ffc       0xcc zephyr/arch/arch/arm/core/aarch32/mpu/libarch__arm__core__aarch32__mpu.a(arm_mpu.c.obj)
 .text.arm_core_mpu_enable
                0x00000000000030c8       0x18 zephyr/arch/arch/arm/core/aarch32/mpu/libarch__arm__core__aarch32__mpu.a(arm_mpu.c.obj)
                0x00000000000030c8                arm_core_mpu_enable
 .text.arm_core_mpu_disable
                0x00000000000030e0       0x14 zephyr/arch/arch/arm/core/aarch32/mpu/libarch__arm__core__aarch32__mpu.a(arm_mpu.c.obj)
                0x00000000000030e0                arm_core_mpu_disable
 .text.arm_core_mpu_configure_static_mpu_regions
                0x00000000000030f4       0x14 zephyr/arch/arch/arm/core/aarch32/mpu/libarch__arm__core__aarch32__mpu.a(arm_mpu.c.obj)
                0x00000000000030f4                arm_core_mpu_configure_static_mpu_regions
 .text.arm_core_mpu_configure_dynamic_mpu_regions
                0x0000000000003108       0x30 zephyr/arch/arch/arm/core/aarch32/mpu/libarch__arm__core__aarch32__mpu.a(arm_mpu.c.obj)
                0x0000000000003108                arm_core_mpu_configure_dynamic_mpu_regions
 .text.z_arm_mpu_init
                0x0000000000003138       0x60 zephyr/arch/arch/arm/core/aarch32/mpu/libarch__arm__core__aarch32__mpu.a(arm_mpu.c.obj)
                0x0000000000003138                z_arm_mpu_init
 .text.__stdout_hook_install
                0x0000000000003198        0xc zephyr/lib/libc/minimal/liblib__libc__minimal.a(stdout_console.c.obj)
                0x0000000000003198                __stdout_hook_install
 .text.nordicsemi_nrf52_init
                0x00000000000031a4       0x30 zephyr/soc/arm/nordic_nrf/nrf52/libsoc__arm__nordic_nrf__nrf52.a(soc.c.obj)
 .text.sys_arch_reboot
                0x00000000000031d4       0x2c zephyr/soc/arm/nordic_nrf/nrf52/libsoc__arm__nordic_nrf__nrf52.a(soc.c.obj)
                0x00000000000031d4                sys_arch_reboot
 .text.arch_busy_wait
                0x0000000000003200       0x14 zephyr/soc/arm/nordic_nrf/nrf52/libsoc__arm__nordic_nrf__nrf52.a(soc.c.obj)
                0x0000000000003200                arch_busy_wait
 .text.onoff_stop
                0x0000000000003214       0x30 zephyr/drivers/clock_control/libdrivers__clock_control.a(clock_control_nrf.c.obj)
 .text.onoff_start
                0x0000000000003244       0x44 zephyr/drivers/clock_control/libdrivers__clock_control.a(clock_control_nrf.c.obj)
 .text.generic_hfclk_stop
                0x0000000000003288       0x34 zephyr/drivers/clock_control/libdrivers__clock_control.a(clock_control_nrf.c.obj)
 .text.clk_init
                0x00000000000032bc       0x58 zephyr/drivers/clock_control/libdrivers__clock_control.a(clock_control_nrf.c.obj)
 .text.clkstarted_handle.constprop.0
                0x0000000000003314       0x34 zephyr/drivers/clock_control/libdrivers__clock_control.a(clock_control_nrf.c.obj)
 .text.clock_event_handler
                0x0000000000003348       0x1c zephyr/drivers/clock_control/libdrivers__clock_control.a(clock_control_nrf.c.obj)
 .text.generic_hfclk_start
                0x0000000000003364       0x64 zephyr/drivers/clock_control/libdrivers__clock_control.a(clock_control_nrf.c.obj)
 .text.api_blocking_start
                0x00000000000033c8       0x34 zephyr/drivers/clock_control/libdrivers__clock_control.a(clock_control_nrf.c.obj)
 .text.lfclk_start
                0x00000000000033fc       0x24 zephyr/drivers/clock_control/libdrivers__clock_control.a(clock_control_nrf.c.obj)
 .text.z_nrf_clock_control_lf_on
                0x0000000000003420       0xfc zephyr/drivers/clock_control/libdrivers__clock_control.a(clock_control_nrf.c.obj)
                0x0000000000003420                z_nrf_clock_control_lf_on
 .text.uart_console_init
                0x000000000000351c       0x28 zephyr/drivers/console/libdrivers__console.a(uart_console.c.obj)
 .text.console_out
                0x0000000000003544       0x28 zephyr/drivers/console/libdrivers__console.a(uart_console.c.obj)
 .text.gpio_nrfx_pin_interrupt_configure
                0x000000000000356c       0xc8 zephyr/drivers/gpio/libdrivers__gpio.a(gpio_nrfx.c.obj)
 .text.gpio_nrfx_init
                0x0000000000003634       0x38 zephyr/drivers/gpio/libdrivers__gpio.a(gpio_nrfx.c.obj)
 .text.nrfx_gpio_handler
                0x000000000000366c       0x3c zephyr/drivers/gpio/libdrivers__gpio.a(gpio_nrfx.c.obj)
 .text.gpio_nrfx_pin_configure
                0x00000000000036a8      0x128 zephyr/drivers/gpio/libdrivers__gpio.a(gpio_nrfx.c.obj)
 .text.uarte_nrfx_configure
                0x00000000000037d0      0x15c zephyr/drivers/serial/libdrivers__serial.a(uart_nrfx_uarte.c.obj)
 .text.uarte_0_init
                0x000000000000392c      0x118 zephyr/drivers/serial/libdrivers__serial.a(uart_nrfx_uarte.c.obj)
 .text.uarte_nrfx_poll_out
                0x0000000000003a44       0xcc zephyr/drivers/serial/libdrivers__serial.a(uart_nrfx_uarte.c.obj)
 .text.compare_int_lock
                0x0000000000003b10       0x48 zephyr/drivers/timer/libdrivers__timer.a(nrf_rtc_timer.c.obj)
 .text.sys_clock_timeout_handler
                0x0000000000003b58       0x48 zephyr/drivers/timer/libdrivers__timer.a(nrf_rtc_timer.c.obj)
 .text.compare_int_unlock
                0x0000000000003ba0       0x5c zephyr/drivers/timer/libdrivers__timer.a(nrf_rtc_timer.c.obj)
 .text.z_nrf_rtc_timer_read
                0x0000000000003bfc       0x44 zephyr/drivers/timer/libdrivers__timer.a(nrf_rtc_timer.c.obj)
                0x0000000000003bfc                z_nrf_rtc_timer_read
 .text.compare_set
                0x0000000000003c40      0x11c zephyr/drivers/timer/libdrivers__timer.a(nrf_rtc_timer.c.obj)
 .text.sys_clock_driver_init
                0x0000000000003d5c       0x8c zephyr/drivers/timer/libdrivers__timer.a(nrf_rtc_timer.c.obj)
 .text.rtc_nrf_isr
                0x0000000000003de8       0xd4 zephyr/drivers/timer/libdrivers__timer.a(nrf_rtc_timer.c.obj)
                0x0000000000003de8                rtc_nrf_isr
 .text.sys_clock_set_timeout
                0x0000000000003ebc       0x64 zephyr/drivers/timer/libdrivers__timer.a(nrf_rtc_timer.c.obj)
                0x0000000000003ebc                sys_clock_set_timeout
 .text.sys_clock_elapsed
                0x0000000000003f20       0x14 zephyr/drivers/timer/libdrivers__timer.a(nrf_rtc_timer.c.obj)
                0x0000000000003f20                sys_clock_elapsed
 .text.k_sys_fatal_error_handler
                0x0000000000003f34       0x2c modules/nrf/lib/fatal_error/lib..__nrf__lib__fatal_error.a(fatal_error.c.obj)
                0x0000000000003f34                k_sys_fatal_error_handler
 .text.nrf52_errata_16
                0x0000000000003f60       0x28 modules/hal_nordic/nrfx/libmodules__hal_nordic__nrfx.a(system_nrf52.c.obj)
 .text.nvmc_wait
                0x0000000000003f88       0x10 modules/hal_nordic/nrfx/libmodules__hal_nordic__nrfx.a(system_nrf52.c.obj)
                0x0000000000003f88                nvmc_wait
 .text.SystemInit
                0x0000000000003f98      0x278 modules/hal_nordic/nrfx/libmodules__hal_nordic__nrfx.a(system_nrf52.c.obj)
                0x0000000000003f98                SystemInit
 .text.nrfx_flag32_alloc
                0x0000000000004210       0x40 modules/hal_nordic/nrfx/libmodules__hal_nordic__nrfx.a(nrfx_flag32_allocator.c.obj)
                0x0000000000004210                nrfx_flag32_alloc
 .text.nrfx_flag32_free
                0x0000000000004250       0x40 modules/hal_nordic/nrfx/libmodules__hal_nordic__nrfx.a(nrfx_flag32_allocator.c.obj)
                0x0000000000004250                nrfx_flag32_free
 .text.clock_stop
                0x0000000000004290       0xc8 modules/hal_nordic/nrfx/libmodules__hal_nordic__nrfx.a(nrfx_clock.c.obj)
 .text.nrfx_clock_init
                0x0000000000004358       0x20 modules/hal_nordic/nrfx/libmodules__hal_nordic__nrfx.a(nrfx_clock.c.obj)
                0x0000000000004358                nrfx_clock_init
 .text.nrfx_clock_start
                0x0000000000004378       0xb0 modules/hal_nordic/nrfx/libmodules__hal_nordic__nrfx.a(nrfx_clock.c.obj)
                0x0000000000004378                nrfx_clock_start
 .text.nrfx_power_clock_irq_handler
                0x0000000000004428       0x68 modules/hal_nordic/nrfx/libmodules__hal_nordic__nrfx.a(nrfx_clock.c.obj)
                0x0000000000004428                nrfx_power_clock_irq_handler
 .text.pin_in_use_by_te
                0x0000000000004490       0x14 modules/hal_nordic/nrfx/libmodules__hal_nordic__nrfx.a(nrfx_gpiote.c.obj)
 .text.call_handler
                0x00000000000044a4       0x3c modules/hal_nordic/nrfx/libmodules__hal_nordic__nrfx.a(nrfx_gpiote.c.obj)
 .text.release_handler
                0x00000000000044e0       0x54 modules/hal_nordic/nrfx/libmodules__hal_nordic__nrfx.a(nrfx_gpiote.c.obj)
 .text.pin_handler_trigger_uninit
                0x0000000000004534       0x38 modules/hal_nordic/nrfx/libmodules__hal_nordic__nrfx.a(nrfx_gpiote.c.obj)
 .text.nrfx_gpiote_input_configure
                0x000000000000456c      0x15c modules/hal_nordic/nrfx/libmodules__hal_nordic__nrfx.a(nrfx_gpiote.c.obj)
                0x000000000000456c                nrfx_gpiote_input_configure
 .text.nrfx_gpiote_output_configure
                0x00000000000046c8       0xfc modules/hal_nordic/nrfx/libmodules__hal_nordic__nrfx.a(nrfx_gpiote.c.obj)
                0x00000000000046c8                nrfx_gpiote_output_configure
 .text.nrfx_gpiote_global_callback_set
                0x00000000000047c4        0xc modules/hal_nordic/nrfx/libmodules__hal_nordic__nrfx.a(nrfx_gpiote.c.obj)
                0x00000000000047c4                nrfx_gpiote_global_callback_set
 .text.nrfx_gpiote_channel_get
                0x00000000000047d0       0x2c modules/hal_nordic/nrfx/libmodules__hal_nordic__nrfx.a(nrfx_gpiote.c.obj)
                0x00000000000047d0                nrfx_gpiote_channel_get
 .text.nrfx_gpiote_init
                0x00000000000047fc       0x50 modules/hal_nordic/nrfx/libmodules__hal_nordic__nrfx.a(nrfx_gpiote.c.obj)
                0x00000000000047fc                nrfx_gpiote_init
 .text.nrfx_gpiote_is_init
                0x000000000000484c       0x14 modules/hal_nordic/nrfx/libmodules__hal_nordic__nrfx.a(nrfx_gpiote.c.obj)
                0x000000000000484c                nrfx_gpiote_is_init
 .text.nrfx_gpiote_channel_free
                0x0000000000004860        0xc modules/hal_nordic/nrfx/libmodules__hal_nordic__nrfx.a(nrfx_gpiote.c.obj)
                0x0000000000004860                nrfx_gpiote_channel_free
 .text.nrfx_gpiote_channel_alloc
                0x000000000000486c        0xc modules/hal_nordic/nrfx/libmodules__hal_nordic__nrfx.a(nrfx_gpiote.c.obj)
                0x000000000000486c                nrfx_gpiote_channel_alloc
 .text.nrfx_gpiote_trigger_enable
                0x0000000000004878       0x88 modules/hal_nordic/nrfx/libmodules__hal_nordic__nrfx.a(nrfx_gpiote.c.obj)
                0x0000000000004878                nrfx_gpiote_trigger_enable
 .text.nrfx_gpiote_trigger_disable
                0x0000000000004900       0x50 modules/hal_nordic/nrfx/libmodules__hal_nordic__nrfx.a(nrfx_gpiote.c.obj)
                0x0000000000004900                nrfx_gpiote_trigger_disable
 .text.nrfx_gpiote_pin_uninit
                0x0000000000004950       0x44 modules/hal_nordic/nrfx/libmodules__hal_nordic__nrfx.a(nrfx_gpiote.c.obj)
                0x0000000000004950                nrfx_gpiote_pin_uninit
 .text.nrfx_gpiote_irq_handler
                0x0000000000004994      0x154 modules/hal_nordic/nrfx/libmodules__hal_nordic__nrfx.a(nrfx_gpiote.c.obj)
                0x0000000000004994                nrfx_gpiote_irq_handler
 .text.nrfx_ppi_channel_alloc
                0x0000000000004ae8        0xc modules/hal_nordic/nrfx/libmodules__hal_nordic__nrfx.a(nrfx_ppi.c.obj)
                0x0000000000004ae8                nrfx_ppi_channel_alloc
 .text._DoInit  0x0000000000004af4       0x60 modules/segger/libmodules__segger.a(SEGGER_RTT.c.obj)
 .text.SEGGER_RTT_WriteSkipNoLock
                0x0000000000004b54       0x90 modules/segger/libmodules__segger.a(SEGGER_RTT.c.obj)
                0x0000000000004b54                SEGGER_RTT_WriteSkipNoLock
 .text.SEGGER_RTT_HasDataUp
                0x0000000000004be4       0x14 modules/segger/libmodules__segger.a(SEGGER_RTT.c.obj)
                0x0000000000004be4                SEGGER_RTT_HasDataUp
 .text.zephyr_rtt_mutex_lock
                0x0000000000004bf8       0x14 modules/segger/libmodules__segger.a(SEGGER_RTT_zephyr.c.obj)
                0x0000000000004bf8                zephyr_rtt_mutex_lock
 .text.zephyr_rtt_mutex_unlock
                0x0000000000004c0c        0xc modules/segger/libmodules__segger.a(SEGGER_RTT_zephyr.c.obj)
                0x0000000000004c0c                zephyr_rtt_mutex_unlock
 .text.z_fatal_error
                0x0000000000004c18       0xfc zephyr/kernel/libkernel.a(fatal.c.obj)
                0x0000000000004c18                z_fatal_error
 .text.z_sys_init_run_level
                0x0000000000004d14       0x48 zephyr/kernel/libkernel.a(init.c.obj)
 .text.bg_thread_main
                0x0000000000004d5c       0x34 zephyr/kernel/libkernel.a(init.c.obj)
 .text.z_bss_zero
                0x0000000000004d90       0x18 zephyr/kernel/libkernel.a(init.c.obj)
                0x0000000000004d90                z_bss_zero
 .text.z_init_cpu
                0x0000000000004da8       0x70 zephyr/kernel/libkernel.a(init.c.obj)
                0x0000000000004da8                z_init_cpu
 .text.z_cstart
                0x0000000000004e18       0xe0 zephyr/kernel/libkernel.a(init.c.obj)
                0x0000000000004e18                z_cstart
 .text.z_setup_new_thread
                0x0000000000004ef8       0x64 zephyr/kernel/libkernel.a(thread.c.obj)
                0x0000000000004ef8                z_setup_new_thread
 .text.z_impl_k_thread_create
                0x0000000000004f5c       0x58 zephyr/kernel/libkernel.a(thread.c.obj)
                0x0000000000004f5c                z_impl_k_thread_create
 .text.z_init_static_threads
                0x0000000000004fb4       0xb8 zephyr/kernel/libkernel.a(thread.c.obj)
                0x0000000000004fb4                z_init_static_threads
 .text.idle     0x000000000000506c       0x38 zephyr/kernel/libkernel.a(idle.c.obj)
                0x000000000000506c                idle
 .text.z_impl_k_mutex_lock
                0x00000000000050a4       0xf4 zephyr/kernel/libkernel.a(mutex.c.obj)
                0x00000000000050a4                z_impl_k_mutex_lock
 .text.z_impl_k_mutex_unlock
                0x0000000000005198       0x78 zephyr/kernel/libkernel.a(mutex.c.obj)
                0x0000000000005198                z_impl_k_mutex_unlock
 .text.z_impl_k_sem_give
                0x0000000000005210       0x40 zephyr/kernel/libkernel.a(sem.c.obj)
                0x0000000000005210                z_impl_k_sem_give
 .text.z_impl_k_sem_take
                0x0000000000005250       0x50 zephyr/kernel/libkernel.a(sem.c.obj)
                0x0000000000005250                z_impl_k_sem_take
 .text.sliceable
                0x00000000000052a0       0x3c zephyr/kernel/libkernel.a(sched.c.obj)
 .text.slice_timeout
                0x00000000000052dc       0x20 zephyr/kernel/libkernel.a(sched.c.obj)
 .text.z_reset_time_slice
                0x00000000000052fc       0x50 zephyr/kernel/libkernel.a(sched.c.obj)
                0x00000000000052fc                z_reset_time_slice
 .text.update_cache
                0x000000000000534c       0x3c zephyr/kernel/libkernel.a(sched.c.obj)
 .text.move_thread_to_end_of_prio_q
                0x0000000000005388       0x74 zephyr/kernel/libkernel.a(sched.c.obj)
 .text.ready_thread
                0x00000000000053fc       0x68 zephyr/kernel/libkernel.a(sched.c.obj)
 .text.unready_thread
                0x0000000000005464       0x30 zephyr/kernel/libkernel.a(sched.c.obj)
 .text.pend_locked
                0x0000000000005494       0x30 zephyr/kernel/libkernel.a(sched.c.obj)
 .text.z_time_slice
                0x00000000000054c4       0x60 zephyr/kernel/libkernel.a(sched.c.obj)
                0x00000000000054c4                z_time_slice
 .text.z_pend_curr
                0x0000000000005524       0x3c zephyr/kernel/libkernel.a(sched.c.obj)
                0x0000000000005524                z_pend_curr
 .text.z_set_prio
                0x0000000000005560       0x8c zephyr/kernel/libkernel.a(sched.c.obj)
                0x0000000000005560                z_set_prio
 .text.z_reschedule
                0x00000000000055ec       0x24 zephyr/kernel/libkernel.a(sched.c.obj)
                0x00000000000055ec                z_reschedule
 .text.z_sched_start
                0x0000000000005610       0x3c zephyr/kernel/libkernel.a(sched.c.obj)
                0x0000000000005610                z_sched_start
 .text.z_impl_k_thread_suspend
                0x000000000000564c       0x64 zephyr/kernel/libkernel.a(sched.c.obj)
                0x000000000000564c                z_impl_k_thread_suspend
 .text.k_sched_lock
                0x00000000000056b0       0x28 zephyr/kernel/libkernel.a(sched.c.obj)
                0x00000000000056b0                k_sched_lock
 .text.k_sched_unlock
                0x00000000000056d8       0x38 zephyr/kernel/libkernel.a(sched.c.obj)
                0x00000000000056d8                k_sched_unlock
 .text.z_sched_init
                0x0000000000005710       0x10 zephyr/kernel/libkernel.a(sched.c.obj)
                0x0000000000005710                z_sched_init
 .text.z_impl_k_yield
                0x0000000000005720       0x7c zephyr/kernel/libkernel.a(sched.c.obj)
                0x0000000000005720                z_impl_k_yield
 .text.z_tick_sleep
                0x000000000000579c       0x88 zephyr/kernel/libkernel.a(sched.c.obj)
 .text.z_impl_k_sleep
                0x0000000000005824       0x34 zephyr/kernel/libkernel.a(sched.c.obj)
                0x0000000000005824                z_impl_k_sleep
 .text.z_impl_z_current_get
                0x0000000000005858        0xc zephyr/kernel/libkernel.a(sched.c.obj)
                0x0000000000005858                z_impl_z_current_get
 .text.z_thread_abort
                0x0000000000005864       0xc0 zephyr/kernel/libkernel.a(sched.c.obj)
                0x0000000000005864                z_thread_abort
 .text.z_data_copy
                0x0000000000005924       0x34 zephyr/kernel/libkernel.a(xip.c.obj)
                0x0000000000005924                z_data_copy
 .text.elapsed  0x0000000000005958       0x14 zephyr/kernel/libkernel.a(timeout.c.obj)
 .text.next_timeout
                0x000000000000596c       0x40 zephyr/kernel/libkernel.a(timeout.c.obj)
 .text.remove_timeout
                0x00000000000059ac       0x38 zephyr/kernel/libkernel.a(timeout.c.obj)
 .text.z_add_timeout
                0x00000000000059e4       0xec zephyr/kernel/libkernel.a(timeout.c.obj)
                0x00000000000059e4                z_add_timeout
 .text.sys_clock_announce
                0x0000000000005ad0       0xd4 zephyr/kernel/libkernel.a(timeout.c.obj)
                0x0000000000005ad0                sys_clock_announce
 .text.sys_clock_tick_get
                0x0000000000005ba4       0x34 zephyr/kernel/libkernel.a(timeout.c.obj)
                0x0000000000005ba4                sys_clock_tick_get
 .text.z_timer_expiration_handler
                0x0000000000005bd8       0xe4 zephyr/kernel/libkernel.a(timer.c.obj)
                0x0000000000005bd8                z_timer_expiration_handler
 .text.z_impl_k_timer_start
                0x0000000000005cbc       0x60 zephyr/kernel/libkernel.a(timer.c.obj)
                0x0000000000005cbc                z_impl_k_timer_start
 .text.boot_banner
                0x0000000000005d1c        0xc zephyr/kernel/libkernel.a(banner.c.obj)
                0x0000000000005d1c                boot_banner
 .text.gpio_pin_configure_dt
                0x0000000000005d28       0x3e app/libapp.a(main.c.obj)
 .text.cbpprintf_external
                0x0000000000005d66       0x62 zephyr/libzephyr.a(cbprintf_packaged.c.obj)
                0x0000000000005d66                cbpprintf_external
 .text.is_ptr   0x0000000000005dc8       0x4a zephyr/libzephyr.a(cbprintf_packaged.c.obj)
                0x0000000000005dc8                is_ptr
 .text.arch_printk_char_out
                0x0000000000005e12        0x4 zephyr/libzephyr.a(printk.c.obj)
                0x0000000000005e12                arch_printk_char_out
 .text.str_out  0x0000000000005e16       0x26 zephyr/libzephyr.a(printk.c.obj)
 .text.printk   0x0000000000005e3c       0x1a zephyr/libzephyr.a(printk.c.obj)
                0x0000000000005e3c                printk
 .text.snprintk
                0x0000000000005e56       0x1a zephyr/libzephyr.a(printk.c.obj)
                0x0000000000005e56                snprintk
 .text.z_thread_entry
                0x0000000000005e70       0x14 zephyr/libzephyr.a(thread_entry.c.obj)
                0x0000000000005e70                z_thread_entry
 .text.process_recheck
                0x0000000000005e84       0x38 zephyr/libzephyr.a(onoff.c.obj)
 .text.validate_args
                0x0000000000005ebc       0x20 zephyr/libzephyr.a(onoff.c.obj)
 .text.notify_one
                0x0000000000005edc       0x2c zephyr/libzephyr.a(onoff.c.obj)
 .text.transition_complete
                0x0000000000005f08       0x1c zephyr/libzephyr.a(onoff.c.obj)
 .text.onoff_manager_init
                0x0000000000005f24       0x26 zephyr/libzephyr.a(onoff.c.obj)
                0x0000000000005f24                onoff_manager_init
 .text.onoff_request
                0x0000000000005f4a       0xb0 zephyr/libzephyr.a(onoff.c.obj)
                0x0000000000005f4a                onoff_request
 .text.sys_notify_validate
                0x0000000000005ffa       0x22 zephyr/libzephyr.a(notify.c.obj)
                0x0000000000005ffa                sys_notify_validate
 .text.sys_notify_finalize
                0x000000000000601c       0x1a zephyr/libzephyr.a(notify.c.obj)
                0x000000000000601c                sys_notify_finalize
 .text.encode_uint
                0x0000000000006036       0x8c zephyr/libzephyr.a(cbprintf_complete.c.obj)
 .text.outs     0x00000000000060c2       0x2e zephyr/libzephyr.a(cbprintf_complete.c.obj)
 .text.free_space
                0x00000000000060f0       0x26 zephyr/libzephyr.a(mpsc_pbuf.c.obj)
 .text.get_usage
                0x0000000000006116       0x22 zephyr/libzephyr.a(mpsc_pbuf.c.obj)
 .text.idx_inc  0x0000000000006138       0x1c zephyr/libzephyr.a(mpsc_pbuf.c.obj)
 .text.rd_idx_inc
                0x0000000000006154       0x18 zephyr/libzephyr.a(mpsc_pbuf.c.obj)
 .text.add_skip_item
                0x000000000000616c       0x3a zephyr/libzephyr.a(mpsc_pbuf.c.obj)
 .text.drop_item_locked
                0x00000000000061a6       0xee zephyr/libzephyr.a(mpsc_pbuf.c.obj)
 .text.post_drop_action
                0x0000000000006294       0x36 zephyr/libzephyr.a(mpsc_pbuf.c.obj)
 .text.max_utilization_update
                0x00000000000062ca       0x1a zephyr/libzephyr.a(mpsc_pbuf.c.obj)
 .text.mpsc_pbuf_init
                0x00000000000062e4       0x42 zephyr/libzephyr.a(mpsc_pbuf.c.obj)
                0x00000000000062e4                mpsc_pbuf_init
 .text.mpsc_pbuf_alloc
                0x0000000000006326       0xfc zephyr/libzephyr.a(mpsc_pbuf.c.obj)
                0x0000000000006326                mpsc_pbuf_alloc
 .text.mpsc_pbuf_commit
                0x0000000000006422       0x40 zephyr/libzephyr.a(mpsc_pbuf.c.obj)
                0x0000000000006422                mpsc_pbuf_commit
 .text.mpsc_pbuf_claim
                0x0000000000006462       0xa4 zephyr/libzephyr.a(mpsc_pbuf.c.obj)
                0x0000000000006462                mpsc_pbuf_claim
 .text.mpsc_pbuf_free
                0x0000000000006506       0x78 zephyr/libzephyr.a(mpsc_pbuf.c.obj)
                0x0000000000006506                mpsc_pbuf_free
 .text.mpsc_pbuf_is_pending
                0x000000000000657e       0x1a zephyr/libzephyr.a(mpsc_pbuf.c.obj)
                0x000000000000657e                mpsc_pbuf_is_pending
 .text._ConfigAbsSyms
                0x0000000000006598        0x2 zephyr/libzephyr.a(configs.c.obj)
                0x0000000000006598                _ConfigAbsSyms
 .text.log_msg_generic_get_wlen
                0x000000000000659a       0x20 zephyr/libzephyr.a(log_core.c.obj)
 .text.dummy_timestamp
                0x00000000000065ba        0x4 zephyr/libzephyr.a(log_core.c.obj)
 .text.default_get_timestamp
                0x00000000000065be        0x4 zephyr/libzephyr.a(log_core.c.obj)
 .text.atomic_inc
                0x00000000000065c2       0x1a zephyr/libzephyr.a(log_core.c.obj)
 .text.z_log_vprintk
                0x00000000000065dc       0x1c zephyr/libzephyr.a(log_core.c.obj)
                0x00000000000065dc                z_log_vprintk
 .text.z_log_notify_drop
                0x00000000000065f8        0x6 zephyr/libzephyr.a(log_core.c.obj)
 .text.z_log_get_tag
                0x00000000000065fe        0x4 zephyr/libzephyr.a(log_core.c.obj)
                0x00000000000065fe                z_log_get_tag
 .text.z_cbprintf_cpy
                0x0000000000006602       0x2c zephyr/libzephyr.a(log_msg.c.obj)
 .text.z_log_msg_finalize
                0x000000000000662e       0x32 zephyr/libzephyr.a(log_msg.c.obj)
                0x000000000000662e                z_log_msg_finalize
 .text.buffer_write
                0x0000000000006660       0x1a zephyr/libzephyr.a(log_output.c.obj)
 .text.cbvprintf
                0x000000000000667a        0xe zephyr/libzephyr.a(log_output.c.obj)
 .text.log_output_flush
                0x0000000000006688       0x1a zephyr/libzephyr.a(log_output.c.obj)
                0x0000000000006688                log_output_flush
 .text.out_func
                0x00000000000066a2       0x36 zephyr/libzephyr.a(log_output.c.obj)
 .text.cr_out_func
                0x00000000000066d8       0x1c zephyr/libzephyr.a(log_output.c.obj)
 .text.log_backend_uart_init
                0x00000000000066f4        0x2 zephyr/libzephyr.a(log_backend_uart.c.obj)
 .text.z_do_kernel_oops
                0x00000000000066f6        0x8 zephyr/arch/arch/arm/core/aarch32/libarch__arm__core__aarch32.a(fatal.c.obj)
                0x00000000000066f6                z_do_kernel_oops
 .text.z_irq_spurious
                0x00000000000066fe        0x8 zephyr/arch/arch/arm/core/aarch32/libarch__arm__core__aarch32.a(irq_manage.c.obj)
                0x00000000000066fe                z_irq_spurious
 .text.z_arm_nmi
                0x0000000000006706        0xe zephyr/arch/arch/arm/core/aarch32/libarch__arm__core__aarch32.a(nmi.c.obj)
                0x0000000000006706                z_arm_nmi
 .text.z_log_msg_static_create.constprop.0
                0x0000000000006714        0x6 zephyr/arch/arch/arm/core/aarch32/cortex_m/libarch__arm__core__aarch32__cortex_m.a(fault.c.obj)
 .text.strcpy   0x000000000000671a       0x14 zephyr/lib/libc/minimal/liblib__libc__minimal.a(string.c.obj)
                0x000000000000671a                strcpy
 .text.strlen   0x000000000000672e        0xe zephyr/lib/libc/minimal/liblib__libc__minimal.a(string.c.obj)
                0x000000000000672e                strlen
 .text.strnlen  0x000000000000673c       0x12 zephyr/lib/libc/minimal/liblib__libc__minimal.a(string.c.obj)
                0x000000000000673c                strnlen
 .text.memcpy   0x000000000000674e       0x16 zephyr/lib/libc/minimal/liblib__libc__minimal.a(string.c.obj)
                0x000000000000674e                memcpy
 .text.memset   0x0000000000006764       0x12 zephyr/lib/libc/minimal/liblib__libc__minimal.a(string.c.obj)
                0x0000000000006764                memset
 .text._stdout_hook_default
                0x0000000000006776        0x6 zephyr/lib/libc/minimal/liblib__libc__minimal.a(stdout_console.c.obj)
 .text.pm_state_set
                0x000000000000677c       0x18 zephyr/soc/arm/nordic_nrf/nrf52/libsoc__arm__nordic_nrf__nrf52.a(power.c.obj)
                0x000000000000677c                pm_state_set
 .text.pm_state_exit_post_ops
                0x0000000000006794        0xc zephyr/soc/arm/nordic_nrf/nrf52/libsoc__arm__nordic_nrf__nrf52.a(power.c.obj)
                0x0000000000006794                pm_state_exit_post_ops
 .text.get_status
                0x00000000000067a0       0x12 zephyr/drivers/clock_control/libdrivers__clock_control.a(clock_control_nrf.c.obj)
 .text.set_on_state
                0x00000000000067b2       0x26 zephyr/drivers/clock_control/libdrivers__clock_control.a(clock_control_nrf.c.obj)
 .text.stop     0x00000000000067d8       0x52 zephyr/drivers/clock_control/libdrivers__clock_control.a(clock_control_nrf.c.obj)
 .text.api_stop
                0x000000000000682a        0x6 zephyr/drivers/clock_control/libdrivers__clock_control.a(clock_control_nrf.c.obj)
 .text.async_start
                0x0000000000006830       0x5c zephyr/drivers/clock_control/libdrivers__clock_control.a(clock_control_nrf.c.obj)
 .text.api_start
                0x000000000000688c        0xe zephyr/drivers/clock_control/libdrivers__clock_control.a(clock_control_nrf.c.obj)
 .text.onoff_started_callback
                0x000000000000689a       0x12 zephyr/drivers/clock_control/libdrivers__clock_control.a(clock_control_nrf.c.obj)
 .text.lfclk_stop
                0x00000000000068ac        0x6 zephyr/drivers/clock_control/libdrivers__clock_control.a(clock_control_nrf.c.obj)
 .text.blocking_start_callback
                0x00000000000068b2        0x6 zephyr/drivers/clock_control/libdrivers__clock_control.a(clock_control_nrf.c.obj)
 .text.gpio_nrfx_port_get_raw
                0x00000000000068b8        0xe zephyr/drivers/gpio/libdrivers__gpio.a(gpio_nrfx.c.obj)
 .text.gpio_nrfx_port_set_masked_raw
                0x00000000000068c6       0x18 zephyr/drivers/gpio/libdrivers__gpio.a(gpio_nrfx.c.obj)
 .text.gpio_nrfx_port_set_bits_raw
                0x00000000000068de        0xc zephyr/drivers/gpio/libdrivers__gpio.a(gpio_nrfx.c.obj)
 .text.gpio_nrfx_port_clear_bits_raw
                0x00000000000068ea        0xc zephyr/drivers/gpio/libdrivers__gpio.a(gpio_nrfx.c.obj)
 .text.gpio_nrfx_port_toggle_bits
                0x00000000000068f6       0x1a zephyr/drivers/gpio/libdrivers__gpio.a(gpio_nrfx.c.obj)
 .text.gpio_nrfx_manage_callback
                0x0000000000006910       0x52 zephyr/drivers/gpio/libdrivers__gpio.a(gpio_nrfx.c.obj)
 .text.pinctrl_lookup_state
                0x0000000000006962       0x26 zephyr/drivers/pinctrl/libdrivers__pinctrl.a(common.c.obj)
                0x0000000000006962                pinctrl_lookup_state
 .text.pinctrl_configure_pins
                0x0000000000006988      0x10e zephyr/drivers/pinctrl/libdrivers__pinctrl.a(pinctrl_nrf.c.obj)
                0x0000000000006988                pinctrl_configure_pins
 .text.uarte_nrfx_config_get
                0x0000000000006a96       0x10 zephyr/drivers/serial/libdrivers__serial.a(uart_nrfx_uarte.c.obj)
 .text.uarte_nrfx_err_check
                0x0000000000006aa6        0xe zephyr/drivers/serial/libdrivers__serial.a(uart_nrfx_uarte.c.obj)
 .text.uarte_nrfx_poll_in
                0x0000000000006ab4       0x28 zephyr/drivers/serial/libdrivers__serial.a(uart_nrfx_uarte.c.obj)
 .text.is_tx_ready.isra.0
                0x0000000000006adc       0x20 zephyr/drivers/serial/libdrivers__serial.a(uart_nrfx_uarte.c.obj)
 .text.uarte_nrfx_isr_int
                0x0000000000006afc       0x72 zephyr/drivers/serial/libdrivers__serial.a(uart_nrfx_uarte.c.obj)
 .text.sys_clock_idle_exit
                0x0000000000006b6e        0x2 zephyr/drivers/timer/libdrivers__timer.a(sys_clock_init.c.obj)
                0x0000000000006b6e                sys_clock_idle_exit
 .text.event_clear
                0x0000000000006b70       0x18 zephyr/drivers/timer/libdrivers__timer.a(nrf_rtc_timer.c.obj)
 .text.sys_clock_cycle_get_32
                0x0000000000006b88        0x8 zephyr/drivers/timer/libdrivers__timer.a(nrf_rtc_timer.c.obj)
                0x0000000000006b88                sys_clock_cycle_get_32
 .text.nrf52_errata_12
                0x0000000000006b90       0x1c modules/hal_nordic/nrfx/libmodules__hal_nordic__nrfx.a(system_nrf52.c.obj)
 .text.nrfx_isr
                0x0000000000006bac        0x2 modules/hal_nordic/nrfx/libmodules__hal_nordic__nrfx.a(nrfx_glue.c.obj)
                0x0000000000006bac                nrfx_isr
 .text.nrfx_busy_wait
                0x0000000000006bae        0x4 modules/hal_nordic/nrfx/libmodules__hal_nordic__nrfx.a(nrfx_glue.c.obj)
                0x0000000000006bae                nrfx_busy_wait
 .text.nrfx_clock_enable
                0x0000000000006bb2       0x1a modules/hal_nordic/nrfx/libmodules__hal_nordic__nrfx.a(nrfx_clock.c.obj)
                0x0000000000006bb2                nrfx_clock_enable
 .text.nrfx_clock_stop
                0x0000000000006bcc        0x4 modules/hal_nordic/nrfx/libmodules__hal_nordic__nrfx.a(nrfx_clock.c.obj)
                0x0000000000006bcc                nrfx_clock_stop
 .text.nrf_gpio_cfg_sense_set
                0x0000000000006bd0       0x1c modules/hal_nordic/nrfx/libmodules__hal_nordic__nrfx.a(nrfx_gpiote.c.obj)
 .text.SEGGER_RTT_Init
                0x0000000000006bec        0x4 modules/segger/libmodules__segger.a(SEGGER_RTT.c.obj)
                0x0000000000006bec                SEGGER_RTT_Init
 .text.rtt_init
                0x0000000000006bf0        0xa modules/segger/libmodules__segger.a(SEGGER_RTT_zephyr.c.obj)
 .text.z_device_state_init
                0x0000000000006bfa        0x2 zephyr/kernel/libkernel.a(device.c.obj)
                0x0000000000006bfa                z_device_state_init
 .text.z_device_is_ready
                0x0000000000006bfc       0x16 zephyr/kernel/libkernel.a(device.c.obj)
                0x0000000000006bfc                z_device_is_ready
 .text.z_early_memset
                0x0000000000006c12        0x4 zephyr/kernel/libkernel.a(init.c.obj)
                0x0000000000006c12                z_early_memset
 .text.z_early_memcpy
                0x0000000000006c16        0x4 zephyr/kernel/libkernel.a(init.c.obj)
                0x0000000000006c16                z_early_memcpy
 .text.k_is_in_isr
                0x0000000000006c1a        0xc zephyr/kernel/libkernel.a(thread.c.obj)
                0x0000000000006c1a                k_is_in_isr
 .text.z_impl_k_thread_name_set
                0x0000000000006c26        0x6 zephyr/kernel/libkernel.a(thread.c.obj)
                0x0000000000006c26                z_impl_k_thread_name_set
 .text.k_thread_name_get
                0x0000000000006c2c        0x4 zephyr/kernel/libkernel.a(thread.c.obj)
                0x0000000000006c2c                k_thread_name_get
 .text.z_pm_save_idle_exit
                0x0000000000006c30        0xe zephyr/kernel/libkernel.a(idle.c.obj)
                0x0000000000006c30                z_pm_save_idle_exit
 .text.adjust_owner_prio.isra.0
                0x0000000000006c3e       0x10 zephyr/kernel/libkernel.a(mutex.c.obj)
 .text.z_impl_k_sem_init
                0x0000000000006c4e       0x18 zephyr/kernel/libkernel.a(sem.c.obj)
                0x0000000000006c4e                z_impl_k_sem_init
 .text.sys_dlist_remove
                0x0000000000006c66       0x10 zephyr/kernel/libkernel.a(sched.c.obj)
 .text.unpend_thread_no_timeout
                0x0000000000006c76       0x14 zephyr/kernel/libkernel.a(sched.c.obj)
 .text.add_to_waitq_locked
                0x0000000000006c8a       0x50 zephyr/kernel/libkernel.a(sched.c.obj)
 .text.z_ready_thread
                0x0000000000006cda       0x20 zephyr/kernel/libkernel.a(sched.c.obj)
                0x0000000000006cda                z_ready_thread
 .text.z_unpend_thread_no_timeout
                0x0000000000006cfa       0x24 zephyr/kernel/libkernel.a(sched.c.obj)
                0x0000000000006cfa                z_unpend_thread_no_timeout
 .text.z_sched_wake_thread
                0x0000000000006d1e       0x44 zephyr/kernel/libkernel.a(sched.c.obj)
                0x0000000000006d1e                z_sched_wake_thread
 .text.z_thread_timeout
                0x0000000000006d62        0x8 zephyr/kernel/libkernel.a(sched.c.obj)
                0x0000000000006d62                z_thread_timeout
 .text.z_unpend1_no_timeout
                0x0000000000006d6a       0x2e zephyr/kernel/libkernel.a(sched.c.obj)
                0x0000000000006d6a                z_unpend1_no_timeout
 .text.z_unpend_first_thread
                0x0000000000006d98       0x38 zephyr/kernel/libkernel.a(sched.c.obj)
                0x0000000000006d98                z_unpend_first_thread
 .text.z_reschedule_irqlock
                0x0000000000006dd0       0x18 zephyr/kernel/libkernel.a(sched.c.obj)
                0x0000000000006dd0                z_reschedule_irqlock
 .text.z_reschedule_unlocked
                0x0000000000006de8       0x14 zephyr/kernel/libkernel.a(sched.c.obj)
 .text.z_abort_timeout
                0x0000000000006dfc       0x2c zephyr/kernel/libkernel.a(timeout.c.obj)
                0x0000000000006dfc                z_abort_timeout
 .text.z_get_next_timeout_expiry
                0x0000000000006e28       0x20 zephyr/kernel/libkernel.a(timeout.c.obj)
                0x0000000000006e28                z_get_next_timeout_expiry
 .text.sys_clock_tick_get_32
                0x0000000000006e48        0x8 zephyr/kernel/libkernel.a(timeout.c.obj)
                0x0000000000006e48                sys_clock_tick_get_32
 .text.z_impl_k_uptime_ticks
                0x0000000000006e50        0x4 zephyr/kernel/libkernel.a(timeout.c.obj)
                0x0000000000006e50                z_impl_k_uptime_ticks
 .text.z_impl_k_busy_wait
                0x0000000000006e54        0x8 zephyr/kernel/libkernel.a(timeout.c.obj)
                0x0000000000006e54                z_impl_k_busy_wait
 .text.k_timer_init
                0x0000000000006e5c       0x18 zephyr/kernel/libkernel.a(timer.c.obj)
                0x0000000000006e5c                k_timer_init
 .text.z_impl_k_timer_stop
                0x0000000000006e74       0x3a zephyr/kernel/libkernel.a(timer.c.obj)
                0x0000000000006e74                z_impl_k_timer_stop
 .text._OffsetAbsSyms
                0x0000000000006eae        0x2 zephyr/CMakeFiles/offsets.dir/./arch/arm/core/offsets/offsets.c.obj
                0x0000000000006eae                _OffsetAbsSyms
 *(SORT_BY_ALIGNMENT(.TEXT.*))
 *(SORT_BY_ALIGNMENT(.gnu.linkonce.t.*))
 *(SORT_BY_ALIGNMENT(.glue_7t))
 .glue_7t       0x0000000000006eb0        0x0 linker stubs
 *(SORT_BY_ALIGNMENT(.glue_7))
 .glue_7        0x0000000000006eb0        0x0 linker stubs
 *(SORT_BY_ALIGNMENT(.vfp11_veneer))
 .vfp11_veneer  0x0000000000006eb0        0x0 linker stubs
 *(SORT_BY_ALIGNMENT(.v4_bx))
 .v4_bx         0x0000000000006eb0        0x0 linker stubs
                0x0000000000006eb0                . = ALIGN (0x4)
                0x0000000000006eb0                __text_region_end = .

.ARM.exidx      0x0000000000006eb0        0x8
                0x0000000000006eb0                __exidx_start = .
 *(SORT_BY_ALIGNMENT(.ARM.exidx*) SORT_BY_ALIGNMENT(gnu.linkonce.armexidx.*))
 .ARM.exidx     0x0000000000006eb0        0x8 c:/ncs/toolchains/31f4403e35/opt/zephyr-sdk/arm-zephyr-eabi/bin/../lib/gcc/arm-zephyr-eabi/12.2.0/thumb/v7e-m/nofp\libgcc.a(_udivmoddi4.o)
                0x0000000000006eb8                __exidx_end = .
                0x0000000000006eb8                __rodata_region_start = .

initlevel       0x0000000000006eb8       0x40
                0x0000000000006eb8                __init_start = .
                0x0000000000006eb8                __init_EARLY_start = .
 *(SORT_BY_NAME(SORT_BY_ALIGNMENT(.z_init_EARLY[0-9]_*)))
 *(SORT_BY_NAME(SORT_BY_ALIGNMENT(.z_init_EARLY[1-9][0-9]_*)))
                0x0000000000006eb8                __init_PRE_KERNEL_1_start = .
 *(SORT_BY_NAME(SORT_BY_ALIGNMENT(.z_init_PRE_KERNEL_1[0-9]_*)))
 .z_init_PRE_KERNEL_10_
                0x0000000000006eb8        0x8 zephyr/soc/arm/nordic_nrf/nrf52/libsoc__arm__nordic_nrf__nrf52.a(soc.c.obj)
 *(SORT_BY_NAME(SORT_BY_ALIGNMENT(.z_init_PRE_KERNEL_1[1-9][0-9]_*)))
 .z_init_PRE_KERNEL_130_
                0x0000000000006ec0        0x8 zephyr/drivers/clock_control/libdrivers__clock_control.a(clock_control_nrf.c.obj)
 .z_init_PRE_KERNEL_130_
                0x0000000000006ec8        0x8 modules/segger/libmodules__segger.a(SEGGER_RTT_zephyr.c.obj)
 .z_init_PRE_KERNEL_140_
                0x0000000000006ed0        0x8 zephyr/drivers/gpio/libdrivers__gpio.a(gpio_nrfx.c.obj)
 .z_init_PRE_KERNEL_155_
                0x0000000000006ed8        0x8 zephyr/drivers/serial/libdrivers__serial.a(uart_nrfx_uarte.c.obj)
 .z_init_PRE_KERNEL_160_
                0x0000000000006ee0        0x8 zephyr/drivers/console/libdrivers__console.a(uart_console.c.obj)
                0x0000000000006ee8                __init_PRE_KERNEL_2_start = .
 *(SORT_BY_NAME(SORT_BY_ALIGNMENT(.z_init_PRE_KERNEL_2[0-9]_*)))
 .z_init_PRE_KERNEL_20_
                0x0000000000006ee8        0x8 zephyr/drivers/timer/libdrivers__timer.a(nrf_rtc_timer.c.obj)
 *(SORT_BY_NAME(SORT_BY_ALIGNMENT(.z_init_PRE_KERNEL_2[1-9][0-9]_*)))
                0x0000000000006ef0                __init_POST_KERNEL_start = .
 *(SORT_BY_NAME(SORT_BY_ALIGNMENT(.z_init_POST_KERNEL[0-9]_*)))
 .z_init_POST_KERNEL0_
                0x0000000000006ef0        0x8 zephyr/libzephyr.a(log_core.c.obj)
 *(SORT_BY_NAME(SORT_BY_ALIGNMENT(.z_init_POST_KERNEL[1-9][0-9]_*)))
                0x0000000000006ef8                __init_APPLICATION_start = .
 *(SORT_BY_NAME(SORT_BY_ALIGNMENT(.z_init_APPLICATION[0-9]_*)))
 *(SORT_BY_NAME(SORT_BY_ALIGNMENT(.z_init_APPLICATION[1-9][0-9]_*)))
                0x0000000000006ef8                __init_SMP_start = .
 *(SORT_BY_NAME(SORT_BY_ALIGNMENT(.z_init_SMP[0-9]_*)))
 *(SORT_BY_NAME(SORT_BY_ALIGNMENT(.z_init_SMP[1-9][0-9]_*)))
                0x0000000000006ef8                __init_end = .

devices         0x0000000000006ef8       0x48
                0x0000000000006ef8                __device_start = .
                0x0000000000006ef8                __device_EARLY_start = .
 *(SORT_BY_NAME(SORT_BY_ALIGNMENT(.z_device_EARLY[0-9]_*)))
 *(SORT_BY_NAME(SORT_BY_ALIGNMENT(.z_device_EARLY[1-9][0-9]_*)))
                0x0000000000006ef8                __device_PRE_KERNEL_1_start = .
 *(SORT_BY_NAME(SORT_BY_ALIGNMENT(.z_device_PRE_KERNEL_1[0-9]_*)))
 *(SORT_BY_NAME(SORT_BY_ALIGNMENT(.z_device_PRE_KERNEL_1[1-9][0-9]_*)))
 .z_device_PRE_KERNEL_130_
                0x0000000000006ef8       0x18 zephyr/drivers/clock_control/libdrivers__clock_control.a(clock_control_nrf.c.obj)
                0x0000000000006ef8                __device_dts_ord_59
 .z_device_PRE_KERNEL_140_
                0x0000000000006f10       0x18 zephyr/drivers/gpio/libdrivers__gpio.a(gpio_nrfx.c.obj)
                0x0000000000006f10                __device_dts_ord_11
 .z_device_PRE_KERNEL_155_
                0x0000000000006f28       0x18 zephyr/drivers/serial/libdrivers__serial.a(uart_nrfx_uarte.c.obj)
                0x0000000000006f28                __device_dts_ord_95
                0x0000000000006f40                __device_PRE_KERNEL_2_start = .
 *(SORT_BY_NAME(SORT_BY_ALIGNMENT(.z_device_PRE_KERNEL_2[0-9]_*)))
 *(SORT_BY_NAME(SORT_BY_ALIGNMENT(.z_device_PRE_KERNEL_2[1-9][0-9]_*)))
                0x0000000000006f40                __device_POST_KERNEL_start = .
 *(SORT_BY_NAME(SORT_BY_ALIGNMENT(.z_device_POST_KERNEL[0-9]_*)))
 *(SORT_BY_NAME(SORT_BY_ALIGNMENT(.z_device_POST_KERNEL[1-9][0-9]_*)))
                0x0000000000006f40                __device_APPLICATION_start = .
 *(SORT_BY_NAME(SORT_BY_ALIGNMENT(.z_device_APPLICATION[0-9]_*)))
 *(SORT_BY_NAME(SORT_BY_ALIGNMENT(.z_device_APPLICATION[1-9][0-9]_*)))
                0x0000000000006f40                __device_SMP_start = .
 *(SORT_BY_NAME(SORT_BY_ALIGNMENT(.z_device_SMP[0-9]_*)))
 *(SORT_BY_NAME(SORT_BY_ALIGNMENT(.z_device_SMP[1-9][0-9]_*)))
                0x0000000000006f40                __device_end = .

sw_isr_table    0x0000000000006f40      0x138
                0x0000000000006f40                . = ALIGN (0x4)
 *(SORT_BY_ALIGNMENT(.gnu.linkonce.sw_isr_table*))
 .gnu.linkonce.sw_isr_table
                0x0000000000006f40      0x138 zephyr/arch/common/libisr_tables.a(isr_tables.c.obj)
                0x0000000000006f40                _sw_isr_table

initlevel_error
                0x0000000000006eb8        0x0
 *(SORT_BY_NAME(SORT_BY_ALIGNMENT(.z_init_[_A-Z0-9]*)))
                0x0000000000000001                ASSERT ((SIZEOF (initlevel_error) == 0x0), Undefined initialization levels used.)

app_shmem_regions
                0x0000000000007078        0x0
                0x0000000000007078                __app_shmem_regions_start = .
 *(SORT_BY_NAME(SORT_BY_ALIGNMENT(.app_regions.*)))
                0x0000000000007078                __app_shmem_regions_end = .

k_p4wq_initparam_area
                0x0000000000007078        0x0
                0x0000000000007078                _k_p4wq_initparam_list_start = .
 *(SORT_BY_NAME(SORT_BY_ALIGNMENT(._k_p4wq_initparam.static.*)))
                0x0000000000007078                _k_p4wq_initparam_list_end = .

_static_thread_data_area
                0x0000000000007078        0x0
                0x0000000000007078                __static_thread_data_list_start = .
 *(SORT_BY_NAME(SORT_BY_ALIGNMENT(.__static_thread_data.static.*)))
                0x0000000000007078                __static_thread_data_list_end = .

device_handles  0x0000000000007078       0x32
                0x0000000000007078                __device_handles_start = .
 *(SORT_BY_NAME(SORT_BY_ALIGNMENT(.__device_handles_pass1*)))
 .__device_handles_pass1
                0x0000000000007078        0xa zephyr/drivers/clock_control/libdrivers__clock_control.a(clock_control_nrf.c.obj)
                0x0000000000007078                __devicehdl_dts_ord_59
 .__device_handles_pass1
                0x0000000000007082       0x1a zephyr/drivers/gpio/libdrivers__gpio.a(gpio_nrfx.c.obj)
                0x0000000000007082                __devicehdl_dts_ord_11
 .__device_handles_pass1
                0x000000000000709c        0xe zephyr/drivers/serial/libdrivers__serial.a(uart_nrfx_uarte.c.obj)
                0x000000000000709c                __devicehdl_dts_ord_95
                0x00000000000070aa                __device_handles_end = .

ztest           0x00000000000070aa        0x0
                0x00000000000070aa                _ztest_expected_result_entry_list_start = .
 *(SORT_BY_NAME(SORT_BY_ALIGNMENT(._ztest_expected_result_entry.static.*)))
                0x00000000000070aa                _ztest_expected_result_entry_list_end = .
                0x00000000000070aa                _ztest_suite_node_list_start = .
 *(SORT_BY_NAME(SORT_BY_ALIGNMENT(._ztest_suite_node.static.*)))
                0x00000000000070aa                _ztest_suite_node_list_end = .
                0x00000000000070aa                _ztest_unit_test_list_start = .
 *(SORT_BY_NAME(SORT_BY_ALIGNMENT(._ztest_unit_test.static.*)))
                0x00000000000070aa                _ztest_unit_test_list_end = .
                0x00000000000070aa                _ztest_test_rule_list_start = .
 *(SORT_BY_NAME(SORT_BY_ALIGNMENT(._ztest_test_rule.static.*)))
                0x00000000000070aa                _ztest_test_rule_list_end = .

bt_l2cap_fixed_chan_area
                0x00000000000070aa        0x0
                0x00000000000070aa                _bt_l2cap_fixed_chan_list_start = .
 *(SORT_BY_NAME(SORT_BY_ALIGNMENT(._bt_l2cap_fixed_chan.static.*)))
                0x00000000000070aa                _bt_l2cap_fixed_chan_list_end = .

bt_gatt_service_static_area
                0x00000000000070aa        0x0
                0x00000000000070aa                _bt_gatt_service_static_list_start = .
 *(SORT_BY_NAME(SORT_BY_ALIGNMENT(._bt_gatt_service_static.static.*)))
                0x00000000000070aa                _bt_gatt_service_static_list_end = .

log_strings_sections
                0x00000000000070aa        0x0
                0x00000000000070aa                __log_strings_start = .
 *(SORT_BY_NAME(SORT_BY_ALIGNMENT(.log_strings*)))
                0x00000000000070aa                __log_strings_end = .

log_const_sections
                0x00000000000070ac       0x78
                0x00000000000070ac                __log_const_start = .
 *(SORT_BY_NAME(SORT_BY_ALIGNMENT(.log_const_*)))
 .log_const_Less4_Exer2
                0x00000000000070ac        0x8 app/libapp.a(main.c.obj)
                0x00000000000070ac                log_const_Less4_Exer2
 .log_const_NRFX_CLOCK
                0x00000000000070b4        0x8 modules/hal_nordic/nrfx/libmodules__hal_nordic__nrfx.a(nrfx_clock.c.obj)
                0x00000000000070b4                log_const_NRFX_CLOCK
 .log_const_NRFX_GPIOTE
                0x00000000000070bc        0x8 modules/hal_nordic/nrfx/libmodules__hal_nordic__nrfx.a(nrfx_gpiote.c.obj)
                0x00000000000070bc                log_const_NRFX_GPIOTE
 .log_const_NRFX_PPI
                0x00000000000070c4        0x8 modules/hal_nordic/nrfx/libmodules__hal_nordic__nrfx.a(nrfx_ppi.c.obj)
                0x00000000000070c4                log_const_NRFX_PPI
 .log_const_cbprintf_package
                0x00000000000070cc        0x8 zephyr/libzephyr.a(cbprintf_packaged.c.obj)
                0x00000000000070cc                log_const_cbprintf_package
 .log_const_clock_control
                0x00000000000070d4        0x8 zephyr/drivers/clock_control/libdrivers__clock_control.a(clock_control_nrf.c.obj)
                0x00000000000070d4                log_const_clock_control
 .log_const_fatal_error
                0x00000000000070dc        0x8 modules/nrf/lib/fatal_error/lib..__nrf__lib__fatal_error.a(fatal_error.c.obj)
                0x00000000000070dc                log_const_fatal_error
 .log_const_log
                0x00000000000070e4        0x8 zephyr/libzephyr.a(log_core.c.obj)
                0x00000000000070e4                log_const_log
 .log_const_log_mgmt
                0x00000000000070ec        0x8 zephyr/libzephyr.a(log_mgmt.c.obj)
                0x00000000000070ec                log_const_log_mgmt
 .log_const_log_uart
                0x00000000000070f4        0x8 zephyr/libzephyr.a(log_backend_uart.c.obj)
                0x00000000000070f4                log_const_log_uart
 .log_const_mpu
                0x00000000000070fc        0x8 zephyr/arch/arch/arm/core/aarch32/mpu/libarch__arm__core__aarch32__mpu.a(arm_core_mpu.c.obj)
                0x00000000000070fc                log_const_mpu
 .log_const_os  0x0000000000007104        0x8 zephyr/kernel/libkernel.a(init.c.obj)
                0x0000000000007104                log_const_os
 .log_const_pm  0x000000000000710c        0x8 zephyr/libzephyr.a(pm.c.obj)
                0x000000000000710c                log_const_pm
 .log_const_soc
                0x0000000000007114        0x8 zephyr/soc/arm/nordic_nrf/nrf52/libsoc__arm__nordic_nrf__nrf52.a(soc.c.obj)
                0x0000000000007114                log_const_soc
 .log_const_uart_nrfx_uarte
                0x000000000000711c        0x8 zephyr/drivers/serial/libdrivers__serial.a(uart_nrfx_uarte.c.obj)
                0x000000000000711c                log_const_uart_nrfx_uarte
                0x0000000000007124                __log_const_end = .

log_backend_area
                0x0000000000007124       0x20
                0x0000000000007124                _log_backend_list_start = .
 *(SORT_BY_NAME(SORT_BY_ALIGNMENT(._log_backend.static.*)))
 ._log_backend.static.log_backend_rtt
                0x0000000000007124       0x10 zephyr/libzephyr.a(log_backend_rtt.c.obj)
 ._log_backend.static.log_backend_uart
                0x0000000000007134       0x10 zephyr/libzephyr.a(log_backend_uart.c.obj)
                0x0000000000007144                _log_backend_list_end = .

log_link_area   0x0000000000007144        0x0
                0x0000000000007144                _log_link_list_start = .
 *(SORT_BY_NAME(SORT_BY_ALIGNMENT(._log_link.static.*)))
                0x0000000000007144                _log_link_list_end = .

tracing_backend_area
                0x0000000000007144        0x0
                0x0000000000007144                _tracing_backend_list_start = .
 *(SORT_BY_NAME(SORT_BY_ALIGNMENT(._tracing_backend.static.*)))
                0x0000000000007144                _tracing_backend_list_end = .

zephyr_dbg_info
 *(SORT_BY_ALIGNMENT(.dbg_thread_info))

symbol_to_keep  0x0000000000007144        0x0
                0x0000000000007144                __symbol_to_keep_start = .
 *(SORT_BY_NAME(SORT_BY_ALIGNMENT(.symbol_to_keep*)))
                0x0000000000007144                __symbol_to_keep_end = .

shell_area      0x0000000000007144        0x0
                0x0000000000007144                _shell_list_start = .
 *(SORT_BY_NAME(SORT_BY_ALIGNMENT(._shell.static.*)))
                0x0000000000007144                _shell_list_end = .

shell_root_cmds_sections
                0x0000000000007144        0x0
                0x0000000000007144                __shell_root_cmds_start = .
 *(SORT_BY_NAME(SORT_BY_ALIGNMENT(.shell_root_cmd_*)))
                0x0000000000007144                __shell_root_cmds_end = .

shell_subcmds_sections
                0x0000000000007144        0x0
                0x0000000000007144                __shell_subcmds_start = .
 *(SORT_BY_NAME(SORT_BY_ALIGNMENT(.shell_subcmd_*)))
                0x0000000000007144                __shell_subcmds_end = .

shell_dynamic_subcmds_sections
                0x0000000000007144        0x0
                0x0000000000007144                __shell_dynamic_subcmds_start = .
 *(SORT_BY_NAME(SORT_BY_ALIGNMENT(.shell_dynamic_subcmd_*)))
                0x0000000000007144                __shell_dynamic_subcmds_end = .

font_entry_sections
                0x0000000000007144        0x0
                0x0000000000007144                __font_entry_start = .
 *(SORT_BY_NAME(SORT_BY_ALIGNMENT(._cfb_font.*)))
                0x0000000000007144                __font_entry_end = .

rodata          0x0000000000007150      0xab4
 *(SORT_BY_ALIGNMENT(.rodata))
 .rodata        0x0000000000007150        0xd app/libapp.a(main.c.obj)
 *(SORT_BY_ALIGNMENT(.rodata.*))
 *fill*         0x000000000000715d        0x3 
 .rodata.delay_machine_code.0
                0x0000000000007160        0x6 zephyr/soc/arm/nordic_nrf/nrf52/libsoc__arm__nordic_nrf__nrf52.a(soc.c.obj)
 *fill*         0x0000000000007166        0x2 
 .rodata.led    0x0000000000007168        0x8 app/libapp.a(main.c.obj)
 .rodata.button
                0x0000000000007170        0x8 app/libapp.a(main.c.obj)
 .rodata.mpsc_config
                0x0000000000007178       0x14 zephyr/libzephyr.a(log_core.c.obj)
 .rodata.format_table
                0x000000000000718c       0x10 zephyr/libzephyr.a(log_core.c.obj)
 .rodata.colors
                0x000000000000719c       0x14 zephyr/libzephyr.a(log_output.c.obj)
 .rodata.severity
                0x00000000000071b0       0x14 zephyr/libzephyr.a(log_output.c.obj)
 .rodata.log_backend_rtt_api
                0x00000000000071c4       0x1c zephyr/libzephyr.a(log_backend_rtt.c.obj)
                0x00000000000071c4                log_backend_rtt_api
 .rodata.log_output_rtt
                0x00000000000071e0       0x10 zephyr/libzephyr.a(log_backend_rtt.c.obj)
 .rodata.log_backend_uart_api
                0x00000000000071f0       0x1c zephyr/libzephyr.a(log_backend_uart.c.obj)
                0x00000000000071f0                log_backend_uart_api
 .rodata.log_output_uart
                0x000000000000720c       0x10 zephyr/libzephyr.a(log_backend_uart.c.obj)
 .rodata.pmstates_DT_N_S_cpus_S_cpu_0
                0x000000000000721c        0x0 zephyr/libzephyr.a(state.c.obj)
 .rodata.static_regions
                0x000000000000721c        0xc zephyr/arch/arch/arm/core/aarch32/mpu/libarch__arm__core__aarch32__mpu.a(arm_core_mpu.c.obj)
 .rodata.mpu_config
                0x0000000000007228        0x8 zephyr/soc/arm/common/cortex_m/libsoc__arm__common__cortex_m.a(arm_mpu_regions.c.obj)
                0x0000000000007228                mpu_config
 .rodata.mpu_regions
                0x0000000000007230       0x18 zephyr/soc/arm/common/cortex_m/libsoc__arm__common__cortex_m.a(arm_mpu_regions.c.obj)
 .rodata.transitions.0
                0x0000000000007248        0xc zephyr/drivers/clock_control/libdrivers__clock_control.a(clock_control_nrf.c.obj)
 .rodata.config
                0x0000000000007254       0x18 zephyr/drivers/clock_control/libdrivers__clock_control.a(clock_control_nrf.c.obj)
 .rodata.clock_control_api
                0x000000000000726c       0x1c zephyr/drivers/clock_control/libdrivers__clock_control.a(clock_control_nrf.c.obj)
 .rodata.gpio_nrfx_p0_cfg
                0x0000000000007288       0x10 zephyr/drivers/gpio/libdrivers__gpio.a(gpio_nrfx.c.obj)
 .rodata.gpio_nrfx_drv_api_funcs
                0x0000000000007298       0x24 zephyr/drivers/gpio/libdrivers__gpio.a(gpio_nrfx.c.obj)
 .rodata.uarte_0z_config
                0x00000000000072bc       0x10 zephyr/drivers/serial/libdrivers__serial.a(uart_nrfx_uarte.c.obj)
 .rodata.__pinctrl_dev_config__device_dts_ord_95
                0x00000000000072cc        0xc zephyr/drivers/serial/libdrivers__serial.a(uart_nrfx_uarte.c.obj)
 .rodata.__pinctrl_states__device_dts_ord_95
                0x00000000000072d8        0x8 zephyr/drivers/serial/libdrivers__serial.a(uart_nrfx_uarte.c.obj)
 .rodata.__pinctrl_state_pins_0__device_dts_ord_95
                0x00000000000072e0       0x10 zephyr/drivers/serial/libdrivers__serial.a(uart_nrfx_uarte.c.obj)
 .rodata.uart_nrfx_uarte_driver_api
                0x00000000000072f0       0x14 zephyr/drivers/serial/libdrivers__serial.a(uart_nrfx_uarte.c.obj)
 .rodata._k_neg_eagain
                0x0000000000007304        0x4 zephyr/kernel/libkernel.a(errno.c.obj)
                0x0000000000007304                _k_neg_eagain
 .rodata.CSWTCH.479
                0x0000000000007308       0x14 zephyr/kernel/libkernel.a(fatal.c.obj)
 .rodata.levels.0
                0x000000000000731c       0x18 zephyr/kernel/libkernel.a(init.c.obj)
 .rodata.button_pressed.str1.1
                0x0000000000007334       0x4a app/libapp.a(main.c.obj)
 .rodata.main.str1.1
                0x000000000000737e       0x98 app/libapp.a(main.c.obj)
 .rodata.__func__.0
                0x0000000000007416        0x5 app/libapp.a(main.c.obj)
 .rodata.str1.1
                0x000000000000741b        0xc app/libapp.a(main.c.obj)
 .rodata.cbprintf_package_convert.str1.1
                0x0000000000007427       0xa3 zephyr/libzephyr.a(cbprintf_packaged.c.obj)
 .rodata.str1.1
                0x00000000000074ca       0x11 zephyr/libzephyr.a(cbprintf_packaged.c.obj)
 .rodata.z_cbvprintf_impl.str1.1
                0x00000000000074db        0x6 zephyr/libzephyr.a(cbprintf_complete.c.obj)
 .rodata.enable_logger.str1.1
                0x00000000000074e1        0x8 zephyr/libzephyr.a(log_core.c.obj)
 .rodata.str1.1
                0x00000000000074e9        0x4 zephyr/libzephyr.a(log_core.c.obj)
 .rodata.str1.1
                0x00000000000074ed        0x9 zephyr/libzephyr.a(log_mgmt.c.obj)
 .rodata.z_impl_z_log_msg_static_create.str1.1
                0x00000000000074f6       0x3f zephyr/libzephyr.a(log_msg.c.obj)
 .rodata.newline_print.str1.1
                0x0000000000007535        0x3 zephyr/libzephyr.a(log_output.c.obj)
                                          0x5 (size before relaxing)
 .rodata.log_output_process.str1.1
                0x0000000000007538       0x4c zephyr/libzephyr.a(log_output.c.obj)
                                         0x51 (size before relaxing)
 .rodata.log_output_dropped_process.str1.1
                0x0000000000007584       0x4c zephyr/libzephyr.a(log_output.c.obj)
                                          0x3 (size before relaxing)
 .rodata.postfix.0
                0x0000000000007584       0x1c zephyr/libzephyr.a(log_output.c.obj)
 .rodata.prefix.1
                0x00000000000075a0        0xc zephyr/libzephyr.a(log_output.c.obj)
 .rodata.str1.1
                0x00000000000075ac       0x20 zephyr/libzephyr.a(log_output.c.obj)
 .rodata.str1.1
                0x00000000000075cc       0x10 zephyr/libzephyr.a(log_backend_rtt.c.obj)
 .rodata.str1.1
                0x00000000000075dc       0x1a zephyr/libzephyr.a(log_backend_uart.c.obj)
 .rodata.str1.1
                0x00000000000075f6        0x3 zephyr/libzephyr.a(pm.c.obj)
 .rodata.z_arm_fatal_error.str1.1
                0x00000000000075f9       0x9b zephyr/arch/arch/arm/core/aarch32/libarch__arm__core__aarch32.a(fatal.c.obj)
 .rodata.bus_fault.constprop.0.str1.1
                0x0000000000007694       0xca zephyr/arch/arch/arm/core/aarch32/cortex_m/libarch__arm__core__aarch32__cortex_m.a(fault.c.obj)
 .rodata.usage_fault.constprop.0.str1.1
                0x000000000000775e       0xcd zephyr/arch/arch/arm/core/aarch32/cortex_m/libarch__arm__core__aarch32__cortex_m.a(fault.c.obj)
 .rodata.mem_manage_fault.str1.1
                0x000000000000782b       0x96 zephyr/arch/arch/arm/core/aarch32/cortex_m/libarch__arm__core__aarch32__cortex_m.a(fault.c.obj)
 .rodata.z_arm_fault.str1.1
                0x00000000000078c1      0x111 zephyr/arch/arch/arm/core/aarch32/cortex_m/libarch__arm__core__aarch32__cortex_m.a(fault.c.obj)
 .rodata.str1.1
                0x00000000000079d2        0x4 zephyr/arch/arch/arm/core/aarch32/mpu/libarch__arm__core__aarch32__mpu.a(arm_core_mpu.c.obj)
 .rodata.mpu_configure_regions.str1.1
                0x00000000000079d6       0x49 zephyr/arch/arch/arm/core/aarch32/mpu/libarch__arm__core__aarch32__mpu.a(arm_mpu.c.obj)
 .rodata.str1.1
                0x0000000000007a1f        0xf zephyr/soc/arm/common/cortex_m/libsoc__arm__common__cortex_m.a(arm_mpu_regions.c.obj)
 .rodata.str1.1
                0x0000000000007a2e        0x4 zephyr/soc/arm/nordic_nrf/nrf52/libsoc__arm__nordic_nrf__nrf52.a(soc.c.obj)
 .rodata.str1.1
                0x0000000000007a32       0x29 zephyr/drivers/clock_control/libdrivers__clock_control.a(clock_control_nrf.c.obj)
 .rodata.str1.1
                0x0000000000007a5b        0xe zephyr/drivers/gpio/libdrivers__gpio.a(gpio_nrfx.c.obj)
 .rodata.uarte_0_init.str1.1
                0x0000000000007a69       0x1f zephyr/drivers/serial/libdrivers__serial.a(uart_nrfx_uarte.c.obj)
 .rodata.str1.1
                0x0000000000007a88       0x1e zephyr/drivers/serial/libdrivers__serial.a(uart_nrfx_uarte.c.obj)
 .rodata.k_sys_fatal_error_handler.str1.1
                0x0000000000007aa6       0x11 modules/nrf/lib/fatal_error/lib..__nrf__lib__fatal_error.a(fatal_error.c.obj)
 .rodata.str1.1
                0x0000000000007ab7        0xc modules/nrf/lib/fatal_error/lib..__nrf__lib__fatal_error.a(fatal_error.c.obj)
 .rodata.CSWTCH.20
                0x0000000000007ac3        0x5 modules/hal_nordic/nrfx/libmodules__hal_nordic__nrfx.a(system_nrf52.c.obj)
 .rodata.CSWTCH.18
                0x0000000000007ac8        0x5 modules/hal_nordic/nrfx/libmodules__hal_nordic__nrfx.a(system_nrf52.c.obj)
 .rodata.CSWTCH.14
                0x0000000000007acd        0x5 modules/hal_nordic/nrfx/libmodules__hal_nordic__nrfx.a(system_nrf52.c.obj)
 .rodata.CSWTCH.4
                0x0000000000007ad2        0x5 modules/hal_nordic/nrfx/libmodules__hal_nordic__nrfx.a(system_nrf52.c.obj)
 .rodata.str1.1
                0x0000000000007ad7        0xb modules/hal_nordic/nrfx/libmodules__hal_nordic__nrfx.a(nrfx_clock.c.obj)
 .rodata.str1.1
                0x0000000000007ae2        0xc modules/hal_nordic/nrfx/libmodules__hal_nordic__nrfx.a(nrfx_gpiote.c.obj)
 .rodata.str1.1
                0x0000000000007aee        0x9 modules/hal_nordic/nrfx/libmodules__hal_nordic__nrfx.a(nrfx_ppi.c.obj)
 .rodata._DoInit.str1.1
                0x0000000000007af7       0x14 modules/segger/libmodules__segger.a(SEGGER_RTT.c.obj)
 .rodata.z_fatal_error.str1.1
                0x0000000000007b0b       0x77 zephyr/kernel/libkernel.a(fatal.c.obj)
 .rodata.str1.1
                0x0000000000007b82       0x4a zephyr/kernel/libkernel.a(fatal.c.obj)
 .rodata.z_cstart.str1.1
                0x0000000000007bcc        0x5 zephyr/kernel/libkernel.a(init.c.obj)
 .rodata.str1.1
                0x0000000000007bd1        0x3 zephyr/kernel/libkernel.a(init.c.obj)
 .rodata.boot_banner.str1.1
                0x0000000000007bd4       0x2e zephyr/kernel/libkernel.a(banner.c.obj)
 *(SORT_BY_ALIGNMENT(.gnu.linkonce.r.*))
                0x0000000000007c04                . = ALIGN (0x4)
 *fill*         0x0000000000007c02        0x2 
                0x0000000000007c04                __rodata_region_end = .
                0x0000000000007c20                . = ALIGN (_region_min_align)
                0x0000000000008000                . = ALIGN ((0x1 << LOG2CEIL ((__rodata_region_end - ADDR (rom_start)))))
                0x0000000000008000                __rom_region_end = ((__rom_region_start + .) - ADDR (rom_start))

/DISCARD/
 *(SORT_BY_ALIGNMENT(.got.plt))
 *(SORT_BY_ALIGNMENT(.igot.plt))
 *(SORT_BY_ALIGNMENT(.got))
 *(SORT_BY_ALIGNMENT(.igot))
                0x0000000020000000                . = 0x20000000
                0x0000000020000000                . = ALIGN (_region_min_align)
                0x0000000020000000                _image_ram_start = .

.ramfunc        0x0000000020000000        0x0 load address 0x0000000000007c04
                0x0000000020000000                . = ALIGN (_region_min_align)
                0x0000000020000000                . = ALIGN ((0x1 << LOG2CEIL (__ramfunc_size)))
                0x0000000020000000                __ramfunc_start = .
 *(SORT_BY_ALIGNMENT(.ramfunc))
 *(SORT_BY_ALIGNMENT(.ramfunc.*))
                0x0000000020000000                . = ALIGN (_region_min_align)
                0x0000000020000000                . = ALIGN ((0x1 << LOG2CEIL (__ramfunc_size)))
                0x0000000020000000                __ramfunc_end = .
                0x0000000000000000                __ramfunc_size = (__ramfunc_end - __ramfunc_start)
                0x0000000000007c04                __ramfunc_load_start = LOADADDR (.ramfunc)

datas           0x0000000020000000       0x94 load address 0x0000000000007c04
                0x0000000020000000                __data_region_start = .
                0x0000000020000000                __data_start = .
 *(SORT_BY_ALIGNMENT(.data))
 *(SORT_BY_ALIGNMENT(.data.*))
 .data._char_out
                0x0000000020000000        0x4 zephyr/libzephyr.a(printk.c.obj)
                0x0000000020000000                _char_out
 .data.timestamp_func
                0x0000000020000004        0x4 zephyr/libzephyr.a(log_core.c.obj)
 .data.max_latency_ticks
                0x0000000020000008        0x4 zephyr/libzephyr.a(policy.c.obj)
 .data._stdout_hook
                0x000000002000000c        0x4 zephyr/lib/libc/minimal/liblib__libc__minimal.a(stdout_console.c.obj)
 .data.uarte_0_data
                0x0000000020000010       0x1c zephyr/drivers/serial/libdrivers__serial.a(uart_nrfx_uarte.c.obj)
 .data.m_cb     0x000000002000002c       0x5c modules/hal_nordic/nrfx/libmodules__hal_nordic__nrfx.a(nrfx_gpiote.c.obj)
 .data.m_channels_allocated
                0x0000000020000088        0x4 modules/hal_nordic/nrfx/libmodules__hal_nordic__nrfx.a(nrfx_ppi.c.obj)
 .data.timeout_list
                0x000000002000008c        0x8 zephyr/kernel/libkernel.a(timeout.c.obj)
 *(SORT_BY_ALIGNMENT(.kernel.*))
                0x0000000020000094                __data_end = .
                0x0000000000000094                __data_size = (__data_end - __data_start)
                0x0000000000007c04                __data_load_start = LOADADDR (datas)
                0x0000000000007c04                __data_region_load_start = LOADADDR (datas)

device_states   0x0000000020000094        0x6 load address 0x0000000000007c98
                0x0000000020000094                __device_states_start = .
 *(SORT_BY_ALIGNMENT(.z_devstate))
 .z_devstate    0x0000000020000094        0x2 zephyr/drivers/clock_control/libdrivers__clock_control.a(clock_control_nrf.c.obj)
 .z_devstate    0x0000000020000096        0x2 zephyr/drivers/gpio/libdrivers__gpio.a(gpio_nrfx.c.obj)
 .z_devstate    0x0000000020000098        0x2 zephyr/drivers/serial/libdrivers__serial.a(uart_nrfx_uarte.c.obj)
 *(SORT_BY_ALIGNMENT(.z_devstate.*))
                0x000000002000009a                __device_states_end = .

initshell       0x000000002000009a        0x0 load address 0x0000000000007c9e
                0x000000002000009a                __shell_module_start = .
 *(SORT_BY_ALIGNMENT(.shell_module_*))
                0x000000002000009a                __shell_module_end = .
                0x000000002000009a                __shell_cmd_start = .
 *(SORT_BY_ALIGNMENT(.shell_cmd_*))
                0x000000002000009a                __shell_cmd_end = .

log_mpsc_pbuf_area
                0x000000002000009c       0x38 load address 0x0000000000007ca0
                0x000000002000009c                _log_mpsc_pbuf_list_start = .
 *(SORT_BY_NAME(SORT_BY_ALIGNMENT(._log_mpsc_pbuf.static.*)))
 ._log_mpsc_pbuf.static.log_buffer
                0x000000002000009c       0x38 zephyr/libzephyr.a(log_core.c.obj)
                0x00000000200000d4                _log_mpsc_pbuf_list_end = .

log_msg_ptr_area
                0x00000000200000d4        0x4 load address 0x0000000000007cd8
                0x00000000200000d4                _log_msg_ptr_list_start = .
 *(SORT_BY_NAME(SORT_BY_ALIGNMENT(._log_msg_ptr.static.*)))
 ._log_msg_ptr.static.log_msg_ptr
                0x00000000200000d4        0x4 zephyr/libzephyr.a(log_core.c.obj)
                0x00000000200000d8                _log_msg_ptr_list_end = .

log_dynamic_sections
                0x00000000200000d8        0x0 load address 0x0000000000007cdc
                0x00000000200000d8                __log_dynamic_start = .
 *(SORT_BY_NAME(SORT_BY_ALIGNMENT(.log_dynamic_*)))
                0x00000000200000d8                __log_dynamic_end = .

k_timer_area    0x00000000200000d8        0x0 load address 0x0000000000007cdc
                0x00000000200000d8                _k_timer_list_start = .
 *(SORT_BY_NAME(SORT_BY_ALIGNMENT(._k_timer.static.*)))
                0x00000000200000d8                _k_timer_list_end = .

k_mem_slab_area
                0x00000000200000d8        0x0 load address 0x0000000000007cdc
                0x00000000200000d8                _k_mem_slab_list_start = .
 *(SORT_BY_NAME(SORT_BY_ALIGNMENT(._k_mem_slab.static.*)))
                0x00000000200000d8                _k_mem_slab_list_end = .

k_heap_area     0x00000000200000d8        0x0 load address 0x0000000000007cdc
                0x00000000200000d8                _k_heap_list_start = .
 *(SORT_BY_NAME(SORT_BY_ALIGNMENT(._k_heap.static.*)))
                0x00000000200000d8                _k_heap_list_end = .

k_mutex_area    0x00000000200000d8       0x14 load address 0x0000000000007cdc
                0x00000000200000d8                _k_mutex_list_start = .
 *(SORT_BY_NAME(SORT_BY_ALIGNMENT(._k_mutex.static.*)))
 ._k_mutex.static.rtt_term_mutex
                0x00000000200000d8       0x14 modules/segger/libmodules__segger.a(SEGGER_RTT_zephyr.c.obj)
                0x00000000200000d8                rtt_term_mutex
                0x00000000200000ec                _k_mutex_list_end = .

k_stack_area    0x00000000200000ec        0x0 load address 0x0000000000007cf0
                0x00000000200000ec                _k_stack_list_start = .
 *(SORT_BY_NAME(SORT_BY_ALIGNMENT(._k_stack.static.*)))
                0x00000000200000ec                _k_stack_list_end = .

k_msgq_area     0x00000000200000ec        0x0 load address 0x0000000000007cf0
                0x00000000200000ec                _k_msgq_list_start = .
 *(SORT_BY_NAME(SORT_BY_ALIGNMENT(._k_msgq.static.*)))
                0x00000000200000ec                _k_msgq_list_end = .

k_mbox_area     0x00000000200000ec        0x0 load address 0x0000000000007cf0
                0x00000000200000ec                _k_mbox_list_start = .
 *(SORT_BY_NAME(SORT_BY_ALIGNMENT(._k_mbox.static.*)))
                0x00000000200000ec                _k_mbox_list_end = .

k_pipe_area     0x00000000200000ec        0x0 load address 0x0000000000007cf0
                0x00000000200000ec                _k_pipe_list_start = .
 *(SORT_BY_NAME(SORT_BY_ALIGNMENT(._k_pipe.static.*)))
                0x00000000200000ec                _k_pipe_list_end = .

k_sem_area      0x00000000200000ec       0x10 load address 0x0000000000007cf0
                0x00000000200000ec                _k_sem_list_start = .
 *(SORT_BY_NAME(SORT_BY_ALIGNMENT(._k_sem.static.*)))
 ._k_sem.static.log_process_thread_sem
                0x00000000200000ec       0x10 zephyr/libzephyr.a(log_core.c.obj)
                0x00000000200000ec                log_process_thread_sem
                0x00000000200000fc                _k_sem_list_end = .

k_event_area    0x00000000200000fc        0x0 load address 0x0000000000007d00
                0x00000000200000fc                _k_event_list_start = .
 *(SORT_BY_NAME(SORT_BY_ALIGNMENT(._k_event.static.*)))
                0x00000000200000fc                _k_event_list_end = .

k_queue_area    0x00000000200000fc        0x0 load address 0x0000000000007d00
                0x00000000200000fc                _k_queue_list_start = .
 *(SORT_BY_NAME(SORT_BY_ALIGNMENT(._k_queue.static.*)))
                0x00000000200000fc                _k_queue_list_end = .

k_condvar_area  0x00000000200000fc        0x0 load address 0x0000000000007d00
                0x00000000200000fc                _k_condvar_list_start = .
 *(SORT_BY_NAME(SORT_BY_ALIGNMENT(._k_condvar.static.*)))
                0x00000000200000fc                _k_condvar_list_end = .

_net_buf_pool_area
                0x00000000200000fc        0x0 load address 0x0000000000007d00
                0x00000000200000fc                _net_buf_pool_list = .
 *(SORT_BY_NAME(SORT_BY_ALIGNMENT(._net_buf_pool.static.*)))
                0x00000000200000fc                __data_region_end = .

bss             0x0000000020000100      0xc18
                0x0000000020000100                . = ALIGN (0x4)
                0x0000000020000100                __bss_start = .
                0x0000000020000100                __kernel_ram_start = .
 *(SORT_BY_ALIGNMENT(.bss))
 *(SORT_BY_ALIGNMENT(.bss.*))
 .bss.logging_thread
                0x0000000020000100       0x80 zephyr/libzephyr.a(log_core.c.obj)
                0x0000000020000100                logging_thread
 .bss.buf32     0x0000000020000180      0x400 zephyr/libzephyr.a(log_core.c.obj)
 .bss.last_failure_report
                0x0000000020000580        0x8 zephyr/libzephyr.a(log_core.c.obj)
 .bss.log_process_thread_timer
                0x0000000020000588       0x38 zephyr/libzephyr.a(log_core.c.obj)
 .bss.cc_data   0x00000000200005c0       0x10 zephyr/drivers/timer/libdrivers__timer.a(nrf_rtc_timer.c.obj)
 .bss.last_count
                0x00000000200005d0        0x8 zephyr/drivers/timer/libdrivers__timer.a(nrf_rtc_timer.c.obj)
 .bss.anchor    0x00000000200005d8        0x8 zephyr/drivers/timer/libdrivers__timer.a(nrf_rtc_timer.c.obj)
 .bss.z_idle_threads
                0x00000000200005e0       0x80 zephyr/kernel/libkernel.a(init.c.obj)